Oct 13 01:17:32 kali systemd[1]: systemd-timedated.service: Deactivated successfully.
Oct 13 01:17:46 kali rtkit-daemon[1650]: Supervising 7 threads of 4 processes of 1 users.
Oct 13 01:17:46 kali rtkit-daemon[1650]: Supervising 7 threads of 4 processes of 1 users.
Oct 13 01:19:29 kali kernel: clocksource: Long readout interval, skipping watchdog check: cs_nsec: 1001676461 wd_nsec: 1001676439
-- Boot 1f44c5e8a8a44c27bb3d3266be8a0c06 --
Oct 13 01:23:03 kali kernel: Linux version 6.12.25-amd64 (devel@kali.org) (x86_64-linux-gnu-gcc-14 (Debian 14.2.0-19) 14.2.0, GNU ld (GNU Binutils for Debian) 2.44) #1 SMP PREEMPT_DYNAMIC Kali 6.12.25-1kali1 (2025-04-30)
Oct 13 01:23:03 kali kernel: Command line: BOOT_IMAGE=/boot/vmlinuz-6.12.25-amd64 root=UUID=62fc7f6d-1b76-4eda-bb32-2e0c8f148825 ro quiet splash
Oct 13 01:23:03 kali kernel: BIOS-provided physical RAM map:
Oct 13 01:23:03 kali kernel: BIOS-e820: [mem 0x0000000000000000-0x000000000009fbff] usable
Oct 13 01:23:03 kali kernel: BIOS-e820: [mem 0x000000000009fc00-0x000000000009ffff] reserved
Oct 13 01:23:03 kali kernel: BIOS-e820: [mem 0x00000000000f0000-0x00000000000fffff] reserved
Oct 13 01:23:03 kali kernel: BIOS-e820: [mem 0x0000000000100000-0x000000007ffeffff] usable
Oct 13 01:23:03 kali kernel: BIOS-e820: [mem 0x000000007fff0000-0x000000007fffffff] ACPI data
Oct 13 01:23:03 kali kernel: BIOS-e820: [mem 0x00000000fec00000-0x00000000fec00fff] reserved
Oct 13 01:23:03 kali kernel: BIOS-e820: [mem 0x00000000fee00000-0x00000000fee00fff] reserved
Oct 13 01:23:03 kali kernel: BIOS-e820: [mem 0x00000000fffc0000-0x00000000ffffffff] reserved
Oct 13 01:23:03 kali kernel: NX (Execute Disable) protection: active
Oct 13 01:23:03 kali kernel: APIC: Static calls initialized
Oct 13 01:23:03 kali kernel: SMBIOS 2.5 present.
Oct 13 01:23:03 kali kernel: DMI: innotek GmbH VirtualBox/VirtualBox, BIOS VirtualBox 12/01/2006
Oct 13 01:23:03 kali kernel: DMI: Memory slots populated: 0/0
Oct 13 01:23:03 kali kernel: Hypervisor detected: KVM
Oct 13 01:23:03 kali kernel: kvm-clock: Using msrs 4b564d01 and 4b564d00
Oct 13 01:23:03 kali kernel: kvm-clock: using sched offset of 12949159783 cycles
Oct 13 01:23:03 kali kernel: clocksource: kvm-clock: mask: 0xffffffffffffffff max_cycles: 0x1cd42e4dffb, max_idle_ns: 881590591483 ns
Oct 13 01:23:03 kali kernel: tsc: Detected 2995.202 MHz processor
Oct 13 01:23:03 kali kernel: e820: update [mem 0x00000000-0x00000fff] usable ==> reserved
Oct 13 01:23:03 kali kernel: e820: remove [mem 0x000a0000-0x000fffff] usable
Oct 13 01:23:03 kali kernel: last_pfn = 0x80000 max_arch_pfn = 0x400000000
Oct 13 01:23:03 kali kernel: MTRR map: 4 entries (3 fixed + 1 variable; max 35), built from 16 variable MTRRs
Oct 13 01:23:03 kali kernel: x86/PAT: Configuration [0-7]: WB  WC  UC- UC  WB  WP  UC- WT  
Oct 13 01:23:03 kali kernel: found SMP MP-table at [mem 0x0009fbf0-0x0009fbff]
Oct 13 01:23:03 kali kernel: RAMDISK: [mem 0x28419000-0x30203fff]
Oct 13 01:23:03 kali kernel: ACPI: Early table checksum verification disabled
Oct 13 01:23:03 kali kernel: ACPI: RSDP 0x00000000000E0000 000024 (v02 VBOX  )
Oct 13 01:23:03 kali kernel: ACPI: XSDT 0x000000007FFF0030 00003C (v01 VBOX   VBOXXSDT 00000001 ASL  00000061)
Oct 13 01:23:03 kali kernel: ACPI: FACP 0x000000007FFF00F0 0000F4 (v04 VBOX   VBOXFACP 00000001 ASL  00000061)
Oct 13 01:23:03 kali kernel: ACPI: DSDT 0x000000007FFF0610 002353 (v02 VBOX   VBOXBIOS 00000002 INTL 20100528)
Oct 13 01:23:03 kali kernel: ACPI: FACS 0x000000007FFF0200 000040
Oct 13 01:23:03 kali kernel: ACPI: FACS 0x000000007FFF0200 000040
Oct 13 01:23:03 kali kernel: ACPI: APIC 0x000000007FFF0240 00005C (v02 VBOX   VBOXAPIC 00000001 ASL  00000061)
Oct 13 01:23:03 kali kernel: ACPI: SSDT 0x000000007FFF02A0 00036C (v01 VBOX   VBOXCPUT 00000002 INTL 20100528)
Oct 13 01:23:03 kali kernel: ACPI: Reserving FACP table memory at [mem 0x7fff00f0-0x7fff01e3]
Oct 13 01:23:03 kali kernel: ACPI: Reserving DSDT table memory at [mem 0x7fff0610-0x7fff2962]
Oct 13 01:23:03 kali kernel: ACPI: Reserving FACS table memory at [mem 0x7fff0200-0x7fff023f]
Oct 13 01:23:03 kali kernel: ACPI: Reserving FACS table memory at [mem 0x7fff0200-0x7fff023f]
Oct 13 01:23:03 kali kernel: ACPI: Reserving APIC table memory at [mem 0x7fff0240-0x7fff029b]
Oct 13 01:23:03 kali kernel: ACPI: Reserving SSDT table memory at [mem 0x7fff02a0-0x7fff060b]
Oct 13 01:23:03 kali kernel: No NUMA configuration found
Oct 13 01:23:03 kali kernel: Faking a node at [mem 0x0000000000000000-0x000000007fffffff]
Oct 13 01:23:03 kali kernel: NODE_DATA(0) allocated [mem 0x7ffc5680-0x7ffeffff]
Oct 13 01:23:03 kali kernel: Zone ranges:
Oct 13 01:23:03 kali kernel:   DMA      [mem 0x0000000000001000-0x0000000000ffffff]
Oct 13 01:23:03 kali kernel:   DMA32    [mem 0x0000000001000000-0x000000007fffffff]
Oct 13 01:23:03 kali kernel:   Normal   empty
Oct 13 01:23:03 kali kernel:   Device   empty
Oct 13 01:23:03 kali kernel: Movable zone start for each node
Oct 13 01:23:03 kali kernel: Early memory node ranges
Oct 13 01:23:03 kali kernel:   node   0: [mem 0x0000000000001000-0x000000000009efff]
Oct 13 01:23:03 kali kernel:   node   0: [mem 0x0000000000100000-0x000000007ffeffff]
Oct 13 01:23:03 kali kernel: Initmem setup node 0 [mem 0x0000000000001000-0x000000007ffeffff]
Oct 13 01:23:03 kali kernel: On node 0, zone DMA: 1 pages in unavailable ranges
Oct 13 01:23:03 kali kernel: On node 0, zone DMA: 97 pages in unavailable ranges
Oct 13 01:23:03 kali kernel: On node 0, zone DMA32: 16 pages in unavailable ranges
Oct 13 01:23:03 kali kernel: ACPI: PM-Timer IO Port: 0x4008
Oct 13 01:23:03 kali kernel: IOAPIC[0]: apic_id 2, version 32, address 0xfec00000, GSI 0-23
Oct 13 01:23:03 kali kernel: ACPI: INT_SRC_OVR (bus 0 bus_irq 0 global_irq 2 dfl dfl)
Oct 13 01:23:03 kali kernel: ACPI: INT_SRC_OVR (bus 0 bus_irq 9 global_irq 9 low level)
Oct 13 01:23:03 kali kernel: ACPI: Using ACPI (MADT) for SMP configuration information
Oct 13 01:23:03 kali kernel: CPU topo: Max. logical packages:   1
Oct 13 01:23:03 kali kernel: CPU topo: Max. logical dies:       1
Oct 13 01:23:03 kali kernel: CPU topo: Max. dies per package:   1
Oct 13 01:23:03 kali kernel: CPU topo: Max. threads per core:   1
Oct 13 01:23:03 kali kernel: CPU topo: Num. cores per package:     2
Oct 13 01:23:03 kali kernel: CPU topo: Num. threads per package:   2
Oct 13 01:23:03 kali kernel: CPU topo: Allowing 2 present CPUs plus 0 hotplug CPUs
Oct 13 01:23:03 kali kernel: PM: hibernation: Registered nosave memory: [mem 0x00000000-0x00000fff]
Oct 13 01:23:03 kali kernel: PM: hibernation: Registered nosave memory: [mem 0x0009f000-0x000fffff]
Oct 13 01:23:03 kali kernel: PM: hibernation: Registered nosave memory: [mem 0x7fff0000-0x7fffffff]
Oct 13 01:23:03 kali kernel: [mem 0x80000000-0xfebfffff] available for PCI devices
Oct 13 01:23:03 kali kernel: Booting paravirtualized kernel on KVM
Oct 13 01:23:03 kali kernel: clocksource: refined-jiffies: mask: 0xffffffff max_cycles: 0xffffffff, max_idle_ns: 7645519600211568 ns
Oct 13 01:23:03 kali kernel: setup_percpu: NR_CPUS:8192 nr_cpumask_bits:2 nr_cpu_ids:2 nr_node_ids:1
Oct 13 01:23:03 kali kernel: percpu: Embedded 66 pages/cpu s233472 r8192 d28672 u1048576
Oct 13 01:23:03 kali kernel: pcpu-alloc: s233472 r8192 d28672 u1048576 alloc=1*2097152
Oct 13 01:23:03 kali kernel: pcpu-alloc: [0] 0 1 
Oct 13 01:23:03 kali kernel: kvm-guest: PV spinlocks enabled
Oct 13 01:23:03 kali kernel: PV qspinlock hash table entries: 256 (order: 0, 4096 bytes, linear)
Oct 13 01:23:03 kali kernel: Kernel command line: BOOT_IMAGE=/boot/vmlinuz-6.12.25-amd64 root=UUID=62fc7f6d-1b76-4eda-bb32-2e0c8f148825 ro quiet splash
Oct 13 01:23:03 kali kernel: Unknown kernel command line parameters "splash BOOT_IMAGE=/boot/vmlinuz-6.12.25-amd64", will be passed to user space.
Oct 13 01:23:03 kali kernel: random: crng init done
Oct 13 01:23:03 kali kernel: Dentry cache hash table entries: 262144 (order: 9, 2097152 bytes, linear)
Oct 13 01:23:03 kali kernel: Inode-cache hash table entries: 131072 (order: 8, 1048576 bytes, linear)
Oct 13 01:23:03 kali kernel: Fallback order for Node 0: 0 
Oct 13 01:23:03 kali kernel: Built 1 zonelists, mobility grouping on.  Total pages: 524174
Oct 13 01:23:03 kali kernel: Policy zone: DMA32
Oct 13 01:23:03 kali kernel: mem auto-init: stack:all(zero), heap alloc:on, heap free:off
Oct 13 01:23:03 kali kernel: SLUB: HWalign=64, Order=0-3, MinObjects=0, CPUs=2, Nodes=1
Oct 13 01:23:03 kali kernel: Kernel/User page tables isolation: enabled
Oct 13 01:23:03 kali kernel: ftrace: allocating 45636 entries in 179 pages
Oct 13 01:23:03 kali kernel: ftrace: allocated 179 pages with 5 groups
Oct 13 01:23:03 kali kernel: Dynamic Preempt: voluntary
Oct 13 01:23:03 kali kernel: rcu: Preemptible hierarchical RCU implementation.
Oct 13 01:23:03 kali kernel: rcu:         RCU restricting CPUs from NR_CPUS=8192 to nr_cpu_ids=2.
Oct 13 01:23:03 kali kernel:         Trampoline variant of Tasks RCU enabled.
Oct 13 01:23:03 kali kernel:         Rude variant of Tasks RCU enabled.
Oct 13 01:23:03 kali kernel:         Tracing variant of Tasks RCU enabled.
Oct 13 01:23:03 kali kernel: rcu: RCU calculated value of scheduler-enlistment delay is 25 jiffies.
Oct 13 01:23:03 kali kernel: rcu: Adjusting geometry for rcu_fanout_leaf=16, nr_cpu_ids=2
Oct 13 01:23:03 kali kernel: RCU Tasks: Setting shift to 1 and lim to 1 rcu_task_cb_adjust=1 rcu_task_cpu_ids=2.
Oct 13 01:23:03 kali kernel: RCU Tasks Rude: Setting shift to 1 and lim to 1 rcu_task_cb_adjust=1 rcu_task_cpu_ids=2.
Oct 13 01:23:03 kali kernel: RCU Tasks Trace: Setting shift to 1 and lim to 1 rcu_task_cb_adjust=1 rcu_task_cpu_ids=2.
Oct 13 01:23:03 kali kernel: NR_IRQS: 524544, nr_irqs: 440, preallocated irqs: 16
Oct 13 01:23:03 kali kernel: rcu: srcu_init: Setting srcu_struct sizes based on contention.
Oct 13 01:23:03 kali kernel: Console: colour VGA+ 80x25
Oct 13 01:23:03 kali kernel: printk: legacy console [tty0] enabled
Oct 13 01:23:03 kali kernel: ACPI: Core revision 20240827
Oct 13 01:23:03 kali kernel: APIC: Switch to symmetric I/O mode setup
Oct 13 01:23:03 kali kernel: x2apic enabled
Oct 13 01:23:03 kali kernel: APIC: Switched APIC routing to: physical x2apic
Oct 13 01:23:03 kali kernel: ..TIMER: vector=0x30 apic1=0 pin1=2 apic2=-1 pin2=-1
Oct 13 01:23:03 kali kernel: clocksource: tsc-early: mask: 0xffffffffffffffff max_cycles: 0x2b2c909a7c7, max_idle_ns: 440795208498 ns
Oct 13 01:23:03 kali kernel: Calibrating delay loop (skipped) preset value.. 5990.40 BogoMIPS (lpj=11980808)
Oct 13 01:23:03 kali kernel: Last level iTLB entries: 4KB 0, 2MB 0, 4MB 0
Oct 13 01:23:03 kali kernel: Last level dTLB entries: 4KB 0, 2MB 0, 4MB 0, 1GB 0
Oct 13 01:23:03 kali kernel: Spectre V1 : Mitigation: usercopy/swapgs barriers and __user pointer sanitization
Oct 13 01:23:03 kali kernel: Spectre V2 : Mitigation: Retpolines
Oct 13 01:23:03 kali kernel: Spectre V2 : Spectre v2 / SpectreRSB mitigation: Filling RSB on context switch
Oct 13 01:23:03 kali kernel: Spectre V2 : Spectre v2 / SpectreRSB : Filling RSB on VMEXIT
Oct 13 01:23:03 kali kernel: Speculative Store Bypass: Vulnerable
Oct 13 01:23:03 kali kernel: MDS: Mitigation: Clear CPU buffers
Oct 13 01:23:03 kali kernel: MMIO Stale Data: Unknown: No mitigations
Oct 13 01:23:03 kali kernel: x86/fpu: Supporting XSAVE feature 0x001: 'x87 floating point registers'
Oct 13 01:23:03 kali kernel: x86/fpu: Supporting XSAVE feature 0x002: 'SSE registers'
Oct 13 01:23:03 kali kernel: x86/fpu: Supporting XSAVE feature 0x004: 'AVX registers'
Oct 13 01:23:03 kali kernel: x86/fpu: xstate_offset[2]:  576, xstate_sizes[2]:  256
Oct 13 01:23:03 kali kernel: x86/fpu: Enabled xstate features 0x7, context size is 832 bytes, using 'standard' format.
Oct 13 01:23:03 kali kernel: Freeing SMP alternatives memory: 40K
Oct 13 01:23:03 kali kernel: pid_max: default: 32768 minimum: 301
Oct 13 01:23:03 kali kernel: LSM: initializing lsm=lockdown,capability,landlock,yama,apparmor,tomoyo,bpf,ipe,ima,evm
Oct 13 01:23:03 kali kernel: landlock: Up and running.
Oct 13 01:23:03 kali kernel: Yama: disabled by default; enable with sysctl kernel.yama.*
Oct 13 01:23:03 kali kernel: AppArmor: AppArmor initialized
Oct 13 01:23:03 kali kernel: TOMOYO Linux initialized
Oct 13 01:23:03 kali kernel: LSM support for eBPF active
Oct 13 01:23:03 kali kernel: Mount-cache hash table entries: 4096 (order: 3, 32768 bytes, linear)
Oct 13 01:23:03 kali kernel: Mountpoint-cache hash table entries: 4096 (order: 3, 32768 bytes, linear)
Oct 13 01:23:03 kali kernel: smpboot: CPU0: Intel(R) Core(TM) Ultra 7 155H (family: 0x6, model: 0xaa, stepping: 0x4)
Oct 13 01:23:03 kali kernel: Performance Events: unsupported p6 CPU model 170 no PMU driver, software events only.
Oct 13 01:23:03 kali kernel: signal: max sigframe size: 1776
Oct 13 01:23:03 kali kernel: rcu: Hierarchical SRCU implementation.
Oct 13 01:23:03 kali kernel: rcu:         Max phase no-delay instances is 1000.
Oct 13 01:23:03 kali kernel: Timer migration: 1 hierarchy levels; 8 children per group; 1 crossnode level
Oct 13 01:23:03 kali kernel: NMI watchdog: Perf NMI watchdog permanently disabled
Oct 13 01:23:03 kali kernel: smp: Bringing up secondary CPUs ...
Oct 13 01:23:03 kali kernel: smpboot: x86: Booting SMP configuration:
Oct 13 01:23:03 kali kernel: .... node  #0, CPUs:      #1
Oct 13 01:23:03 kali kernel: smp: Brought up 1 node, 2 CPUs
Oct 13 01:23:03 kali kernel: smpboot: Total of 2 processors activated (11980.80 BogoMIPS)
Oct 13 01:23:03 kali kernel: node 0 deferred pages initialised in 8ms
Oct 13 01:23:03 kali kernel: Memory: 1881456K/2096696K available (16384K kernel code, 2485K rwdata, 11768K rodata, 4148K init, 4964K bss, 211276K reserved, 0K cma-reserved)
Oct 13 01:23:03 kali kernel: devtmpfs: initialized
Oct 13 01:23:03 kali kernel: x86/mm: Memory block size: 128MB
Oct 13 01:23:03 kali kernel: clocksource: jiffies: mask: 0xffffffff max_cycles: 0xffffffff, max_idle_ns: 7645041785100000 ns
Oct 13 01:23:03 kali kernel: futex hash table entries: 512 (order: 3, 32768 bytes, linear)
Oct 13 01:23:03 kali kernel: pinctrl core: initialized pinctrl subsystem
Oct 13 01:23:03 kali kernel: NET: Registered PF_NETLINK/PF_ROUTE protocol family
Oct 13 01:23:03 kali kernel: DMA: preallocated 256 KiB GFP_KERNEL pool for atomic allocations
Oct 13 01:23:03 kali kernel: DMA: preallocated 256 KiB GFP_KERNEL|GFP_DMA pool for atomic allocations
Oct 13 01:23:03 kali kernel: DMA: preallocated 256 KiB GFP_KERNEL|GFP_DMA32 pool for atomic allocations
Oct 13 01:23:03 kali kernel: audit: initializing netlink subsys (disabled)
Oct 13 01:23:03 kali kernel: audit: type=2000 audit(1760332994.737:1): state=initialized audit_enabled=0 res=1
Oct 13 01:23:03 kali kernel: thermal_sys: Registered thermal governor 'fair_share'
Oct 13 01:23:03 kali kernel: thermal_sys: Registered thermal governor 'bang_bang'
Oct 13 01:23:03 kali kernel: thermal_sys: Registered thermal governor 'step_wise'
Oct 13 01:23:03 kali kernel: thermal_sys: Registered thermal governor 'user_space'
Oct 13 01:23:03 kali kernel: thermal_sys: Registered thermal governor 'power_allocator'
Oct 13 01:23:03 kali kernel: cpuidle: using governor ladder
Oct 13 01:23:03 kali kernel: cpuidle: using governor menu
Oct 13 01:23:03 kali kernel: acpiphp: ACPI Hot Plug PCI Controller Driver version: 0.5
Oct 13 01:23:03 kali kernel: PCI: Using configuration type 1 for base access
Oct 13 01:23:03 kali kernel: mtrr: your CPUs had inconsistent variable MTRR settings
Oct 13 01:23:03 kali kernel: mtrr: probably your BIOS does not setup all CPUs.
Oct 13 01:23:03 kali kernel: mtrr: corrected configuration.
Oct 13 01:23:03 kali kernel: kprobes: kprobe jump-optimization is enabled. All kprobes are optimized if possible.
Oct 13 01:23:03 kali kernel: HugeTLB: registered 2.00 MiB page size, pre-allocated 0 pages
Oct 13 01:23:03 kali kernel: HugeTLB: 28 KiB vmemmap can be freed for a 2.00 MiB page
Oct 13 01:23:03 kali kernel: ACPI: Added _OSI(Module Device)
Oct 13 01:23:03 kali kernel: ACPI: Added _OSI(Processor Device)
Oct 13 01:23:03 kali kernel: ACPI: Added _OSI(3.0 _SCP Extensions)
Oct 13 01:23:03 kali kernel: ACPI: Added _OSI(Processor Aggregator Device)
Oct 13 01:23:03 kali kernel: ACPI: 2 ACPI AML tables successfully acquired and loaded
Oct 13 01:23:03 kali kernel: ACPI: Interpreter enabled
Oct 13 01:23:03 kali kernel: ACPI: PM: (supports S0 S5)
Oct 13 01:23:03 kali kernel: ACPI: Using IOAPIC for interrupt routing
Oct 13 01:23:03 kali kernel: PCI: Using host bridge windows from ACPI; if necessary, use "pci=nocrs" and report a bug
Oct 13 01:23:03 kali kernel: PCI: Using E820 reservations for host bridge windows
Oct 13 01:23:03 kali kernel: ACPI: Enabled 2 GPEs in block 00 to 07
Oct 13 01:23:03 kali kernel: ACPI: PCI Root Bridge [PCI0] (domain 0000 [bus 00-ff])
Oct 13 01:23:03 kali kernel: acpi PNP0A03:00: _OSC: OS supports [ASPM ClockPM Segments MSI HPX-Type3]
Oct 13 01:23:03 kali kernel: acpi PNP0A03:00: _OSC: not requesting OS control; OS requires [ExtendedConfig ASPM ClockPM MSI]
Oct 13 01:23:03 kali kernel: acpi PNP0A03:00: fail to add MMCONFIG information, can't access extended configuration space under this bridge
Oct 13 01:23:03 kali kernel: PCI host bridge to bus 0000:00
Oct 13 01:23:03 kali kernel: pci_bus 0000:00: root bus resource [io  0x0000-0x0cf7 window]
Oct 13 01:23:03 kali kernel: pci_bus 0000:00: root bus resource [io  0x0d00-0xffff window]
Oct 13 01:23:03 kali kernel: pci_bus 0000:00: root bus resource [mem 0x000a0000-0x000bffff window]
Oct 13 01:23:03 kali kernel: pci_bus 0000:00: root bus resource [mem 0x80000000-0xfdffffff window]
Oct 13 01:23:03 kali kernel: pci_bus 0000:00: root bus resource [bus 00-ff]
Oct 13 01:23:03 kali kernel: pci 0000:00:00.0: [8086:1237] type 00 class 0x060000 conventional PCI endpoint
Oct 13 01:23:03 kali kernel: pci 0000:00:01.0: [8086:7000] type 00 class 0x060100 conventional PCI endpoint
Oct 13 01:23:03 kali kernel: pci 0000:00:01.1: [8086:7111] type 00 class 0x01018a conventional PCI endpoint
Oct 13 01:23:03 kali kernel: pci 0000:00:01.1: BAR 4 [io  0xd000-0xd00f]
Oct 13 01:23:03 kali kernel: pci 0000:00:01.1: BAR 0 [io  0x01f0-0x01f7]: legacy IDE quirk
Oct 13 01:23:03 kali kernel: pci 0000:00:01.1: BAR 1 [io  0x03f6]: legacy IDE quirk
Oct 13 01:23:03 kali kernel: pci 0000:00:01.1: BAR 2 [io  0x0170-0x0177]: legacy IDE quirk
Oct 13 01:23:03 kali kernel: pci 0000:00:01.1: BAR 3 [io  0x0376]: legacy IDE quirk
Oct 13 01:23:03 kali kernel: pci 0000:00:02.0: [15ad:0405] type 00 class 0x030000 conventional PCI endpoint
Oct 13 01:23:03 kali kernel: pci 0000:00:02.0: BAR 0 [io  0xd010-0xd01f]
Oct 13 01:23:03 kali kernel: pci 0000:00:02.0: BAR 1 [mem 0xe0000000-0xe7ffffff pref]
Oct 13 01:23:03 kali kernel: pci 0000:00:02.0: BAR 2 [mem 0xf0000000-0xf01fffff]
Oct 13 01:23:03 kali kernel: pci 0000:00:02.0: Video device with shadowed ROM at [mem 0x000c0000-0x000dffff]
Oct 13 01:23:03 kali kernel: pci 0000:00:03.0: [1af4:1000] type 00 class 0x020000 conventional PCI endpoint
Oct 13 01:23:03 kali kernel: pci 0000:00:03.0: BAR 0 [io  0xd020-0xd03f]
Oct 13 01:23:03 kali kernel: pci 0000:00:03.0: BAR 2 [mem 0xf0200000-0xf0201fff]
Oct 13 01:23:03 kali kernel: pci 0000:00:04.0: [80ee:cafe] type 00 class 0x088000 conventional PCI endpoint
Oct 13 01:23:03 kali kernel: pci 0000:00:04.0: BAR 0 [io  0xd040-0xd05f]
Oct 13 01:23:03 kali kernel: pci 0000:00:04.0: BAR 1 [mem 0xf0400000-0xf07fffff]
Oct 13 01:23:03 kali kernel: pci 0000:00:04.0: BAR 2 [mem 0xf0800000-0xf0803fff pref]
Oct 13 01:23:03 kali kernel: pci 0000:00:05.0: [8086:2415] type 00 class 0x040100 conventional PCI endpoint
Oct 13 01:23:03 kali kernel: pci 0000:00:05.0: BAR 0 [io  0xd100-0xd1ff]
Oct 13 01:23:03 kali kernel: pci 0000:00:05.0: BAR 1 [io  0xd200-0xd23f]
Oct 13 01:23:03 kali kernel: pci 0000:00:06.0: [106b:003f] type 00 class 0x0c0310 conventional PCI endpoint
Oct 13 01:23:03 kali kernel: pci 0000:00:06.0: BAR 0 [mem 0xf0804000-0xf0804fff]
Oct 13 01:23:03 kali kernel: pci 0000:00:07.0: [8086:7113] type 00 class 0x068000 conventional PCI endpoint
Oct 13 01:23:03 kali kernel: pci 0000:00:07.0: quirk: [io  0x4000-0x403f] claimed by PIIX4 ACPI
Oct 13 01:23:03 kali kernel: pci 0000:00:07.0: quirk: [io  0x4100-0x410f] claimed by PIIX4 SMB
Oct 13 01:23:03 kali kernel: pci 0000:00:0d.0: [8086:2829] type 00 class 0x010601 conventional PCI endpoint
Oct 13 01:23:03 kali kernel: pci 0000:00:0d.0: BAR 0 [io  0xd240-0xd247]
Oct 13 01:23:03 kali kernel: pci 0000:00:0d.0: BAR 1 [io  0xd248-0xd24b]
Oct 13 01:23:03 kali kernel: pci 0000:00:0d.0: BAR 2 [io  0xd250-0xd257]
Oct 13 01:23:03 kali kernel: pci 0000:00:0d.0: BAR 3 [io  0xd258-0xd25b]
Oct 13 01:23:03 kali kernel: pci 0000:00:0d.0: BAR 4 [io  0xd260-0xd26f]
Oct 13 01:23:03 kali kernel: pci 0000:00:0d.0: BAR 5 [mem 0xf0806000-0xf0807fff]
Oct 13 01:23:03 kali kernel: ACPI: PCI: Interrupt link LNKA configured for IRQ 11
Oct 13 01:23:03 kali kernel: ACPI: PCI: Interrupt link LNKB configured for IRQ 10
Oct 13 01:23:03 kali kernel: ACPI: PCI: Interrupt link LNKC configured for IRQ 9
Oct 13 01:23:03 kali kernel: ACPI: PCI: Interrupt link LNKD configured for IRQ 11
Oct 13 01:23:03 kali kernel: iommu: Default domain type: Translated
Oct 13 01:23:03 kali kernel: iommu: DMA domain TLB invalidation policy: lazy mode
Oct 13 01:23:03 kali kernel: pps_core: LinuxPPS API ver. 1 registered
Oct 13 01:23:03 kali kernel: pps_core: Software ver. 5.3.6 - Copyright 2005-2007 Rodolfo Giometti <giometti@linux.it>
Oct 13 01:23:03 kali kernel: PTP clock support registered
Oct 13 01:23:03 kali kernel: EDAC MC: Ver: 3.0.0
Oct 13 01:23:03 kali kernel: NetLabel: Initializing
Oct 13 01:23:03 kali kernel: NetLabel:  domain hash size = 128
Oct 13 01:23:03 kali kernel: NetLabel:  protocols = UNLABELED CIPSOv4 CALIPSO
Oct 13 01:23:03 kali kernel: NetLabel:  unlabeled traffic allowed by default
Oct 13 01:23:03 kali kernel: PCI: Using ACPI for IRQ routing
Oct 13 01:23:03 kali kernel: PCI: pci_cache_line_size set to 64 bytes
Oct 13 01:23:03 kali kernel: e820: reserve RAM buffer [mem 0x0009fc00-0x0009ffff]
Oct 13 01:23:03 kali kernel: e820: reserve RAM buffer [mem 0x7fff0000-0x7fffffff]
Oct 13 01:23:03 kali kernel: pci 0000:00:02.0: vgaarb: setting as boot VGA device
Oct 13 01:23:03 kali kernel: pci 0000:00:02.0: vgaarb: bridge control possible
Oct 13 01:23:03 kali kernel: pci 0000:00:02.0: vgaarb: VGA device added: decodes=io+mem,owns=io+mem,locks=none
Oct 13 01:23:03 kali kernel: vgaarb: loaded
Oct 13 01:23:03 kali kernel: clocksource: Switched to clocksource kvm-clock
Oct 13 01:23:03 kali kernel: VFS: Disk quotas dquot_6.6.0
Oct 13 01:23:03 kali kernel: VFS: Dquot-cache hash table entries: 512 (order 0, 4096 bytes)
Oct 13 01:23:03 kali kernel: AppArmor: AppArmor Filesystem Enabled
Oct 13 01:23:03 kali kernel: pnp: PnP ACPI init
Oct 13 01:23:03 kali kernel: pnp: PnP ACPI: found 2 devices
Oct 13 01:23:03 kali kernel: clocksource: acpi_pm: mask: 0xffffff max_cycles: 0xffffff, max_idle_ns: 2085701024 ns
Oct 13 01:23:03 kali kernel: NET: Registered PF_INET protocol family
Oct 13 01:23:03 kali kernel: IP idents hash table entries: 32768 (order: 6, 262144 bytes, linear)
Oct 13 01:23:03 kali kernel: tcp_listen_portaddr_hash hash table entries: 1024 (order: 2, 16384 bytes, linear)
Oct 13 01:23:03 kali kernel: Table-perturb hash table entries: 65536 (order: 6, 262144 bytes, linear)
Oct 13 01:23:03 kali kernel: TCP established hash table entries: 16384 (order: 5, 131072 bytes, linear)
Oct 13 01:23:03 kali kernel: TCP bind hash table entries: 16384 (order: 7, 524288 bytes, linear)
Oct 13 01:23:03 kali kernel: TCP: Hash tables configured (established 16384 bind 16384)
Oct 13 01:23:03 kali kernel: MPTCP token hash table entries: 2048 (order: 3, 49152 bytes, linear)
Oct 13 01:23:03 kali kernel: UDP hash table entries: 1024 (order: 3, 32768 bytes, linear)
Oct 13 01:23:03 kali kernel: UDP-Lite hash table entries: 1024 (order: 3, 32768 bytes, linear)
Oct 13 01:23:03 kali kernel: NET: Registered PF_UNIX/PF_LOCAL protocol family
Oct 13 01:23:03 kali kernel: NET: Registered PF_XDP protocol family
Oct 13 01:23:03 kali kernel: pci_bus 0000:00: resource 4 [io  0x0000-0x0cf7 window]
Oct 13 01:23:03 kali kernel: pci_bus 0000:00: resource 5 [io  0x0d00-0xffff window]
Oct 13 01:23:03 kali kernel: pci_bus 0000:00: resource 6 [mem 0x000a0000-0x000bffff window]
Oct 13 01:23:03 kali kernel: pci_bus 0000:00: resource 7 [mem 0x80000000-0xfdffffff window]
Oct 13 01:23:03 kali kernel: pci 0000:00:00.0: Limiting direct PCI/PCI transfers
Oct 13 01:23:03 kali kernel: PCI: CLS 0 bytes, default 64
Oct 13 01:23:03 kali kernel: Trying to unpack rootfs image as initramfs...
Oct 13 01:23:03 kali kernel: clocksource: tsc: mask: 0xffffffffffffffff max_cycles: 0x2b2c909a7c7, max_idle_ns: 440795208498 ns
Oct 13 01:23:03 kali kernel: clocksource: Switched to clocksource tsc
Oct 13 01:23:03 kali kernel: platform rtc_cmos: registered platform RTC device (no PNP device found)
Oct 13 01:23:03 kali kernel: Initialise system trusted keyrings
Oct 13 01:23:03 kali kernel: Key type blacklist registered
Oct 13 01:23:03 kali kernel: workingset: timestamp_bits=36 max_order=19 bucket_order=0
Oct 13 01:23:03 kali kernel: zbud: loaded
Oct 13 01:23:03 kali kernel: fuse: init (API version 7.41)
Oct 13 01:23:03 kali kernel: integrity: Platform Keyring initialized
Oct 13 01:23:03 kali kernel: integrity: Machine keyring initialized
Oct 13 01:23:03 kali kernel: Key type asymmetric registered
Oct 13 01:23:03 kali kernel: Asymmetric key parser 'x509' registered
Oct 13 01:23:03 kali kernel: Freeing initrd memory: 128940K
Oct 13 01:23:03 kali kernel: Block layer SCSI generic (bsg) driver version 0.4 loaded (major 246)
Oct 13 01:23:03 kali kernel: io scheduler mq-deadline registered
Oct 13 01:23:03 kali kernel: ledtrig-cpu: registered to indicate activity on CPUs
Oct 13 01:23:03 kali kernel: shpchp: Standard Hot Plug PCI Controller Driver version: 0.4
Oct 13 01:23:03 kali kernel: Serial: 8250/16550 driver, 4 ports, IRQ sharing enabled
Oct 13 01:23:03 kali kernel: Linux agpgart interface v0.103
Oct 13 01:23:03 kali kernel: i8042: PNP: PS/2 Controller [PNP0303:PS2K,PNP0f03:PS2M] at 0x60,0x64 irq 1,12
Oct 13 01:23:03 kali kernel: serio: i8042 KBD port at 0x60,0x64 irq 1
Oct 13 01:23:03 kali kernel: serio: i8042 AUX port at 0x60,0x64 irq 12
Oct 13 01:23:03 kali kernel: mousedev: PS/2 mouse device common for all mice
Oct 13 01:23:03 kali kernel: input: AT Translated Set 2 keyboard as /devices/platform/i8042/serio0/input/input0
Oct 13 01:23:03 kali kernel: rtc_cmos rtc_cmos: registered as rtc0
Oct 13 01:23:03 kali kernel: rtc_cmos rtc_cmos: setting system clock to 2025-10-13T05:23:00 UTC (1760332980)
Oct 13 01:23:03 kali kernel: rtc_cmos rtc_cmos: alarms up to one day, 114 bytes nvram
Oct 13 01:23:03 kali kernel: intel_pstate: CPU model not supported
Oct 13 01:23:03 kali kernel: NET: Registered PF_INET6 protocol family
Oct 13 01:23:03 kali kernel: Segment Routing with IPv6
Oct 13 01:23:03 kali kernel: In-situ OAM (IOAM) with IPv6
Oct 13 01:23:03 kali kernel: mip6: Mobile IPv6
Oct 13 01:23:03 kali kernel: NET: Registered PF_PACKET protocol family
Oct 13 01:23:03 kali kernel: mpls_gso: MPLS GSO support
Oct 13 01:23:03 kali kernel: IPI shorthand broadcast: enabled
Oct 13 01:23:03 kali kernel: sched_clock: Marking stable (524043566, 6743604)->(531976911, -1189741)
Oct 13 01:23:03 kali kernel: registered taskstats version 1
Oct 13 01:23:03 kali kernel: Loading compiled-in X.509 certificates
Oct 13 01:23:03 kali kernel: Loaded X.509 cert 'Build time autogenerated kernel key: e2b61ee24ceeaa6401df8b59a493761033acc266'
Oct 13 01:23:03 kali kernel: Demotion targets for Node 0: null
Oct 13 01:23:03 kali kernel: Key type .fscrypt registered
Oct 13 01:23:03 kali kernel: Key type fscrypt-provisioning registered
Oct 13 01:23:03 kali kernel: Key type encrypted registered
Oct 13 01:23:03 kali kernel: AppArmor: AppArmor sha256 policy hashing enabled
Oct 13 01:23:03 kali kernel: ima: No TPM chip found, activating TPM-bypass!
Oct 13 01:23:03 kali kernel: ima: Allocated hash algorithm: sha256
Oct 13 01:23:03 kali kernel: ima: No architecture policies found
Oct 13 01:23:03 kali kernel: evm: Initialising EVM extended attributes:
Oct 13 01:23:03 kali kernel: evm: security.selinux
Oct 13 01:23:03 kali kernel: evm: security.SMACK64 (disabled)
Oct 13 01:23:03 kali kernel: evm: security.SMACK64EXEC (disabled)
Oct 13 01:23:03 kali kernel: evm: security.SMACK64TRANSMUTE (disabled)
Oct 13 01:23:03 kali kernel: evm: security.SMACK64MMAP (disabled)
Oct 13 01:23:03 kali kernel: evm: security.apparmor
Oct 13 01:23:03 kali kernel: evm: security.ima
Oct 13 01:23:03 kali kernel: evm: security.capability
Oct 13 01:23:03 kali kernel: evm: HMAC attrs: 0x1
Oct 13 01:23:03 kali kernel: RAS: Correctable Errors collector initialized.
Oct 13 01:23:03 kali kernel: clk: Disabling unused clocks
Oct 13 01:23:03 kali kernel: PM: genpd: Disabling unused power domains
Oct 13 01:23:03 kali kernel: Freeing unused decrypted memory: 2028K
Oct 13 01:23:03 kali kernel: Freeing unused kernel image (initmem) memory: 4148K
Oct 13 01:23:03 kali kernel: Write protecting the kernel read-only data: 28672k
Oct 13 01:23:03 kali kernel: Freeing unused kernel image (rodata/data gap) memory: 520K
Oct 13 01:23:03 kali kernel: x86/mm: Checked W+X mappings: passed, no W+X pages found.
Oct 13 01:23:03 kali kernel: x86/mm: Checking user space page tables
Oct 13 01:23:03 kali kernel: x86/mm: Checked W+X mappings: passed, no W+X pages found.
Oct 13 01:23:03 kali kernel: Run /init as init process
Oct 13 01:23:03 kali kernel:   with arguments:
Oct 13 01:23:03 kali kernel:     /init
Oct 13 01:23:03 kali kernel:     splash
Oct 13 01:23:03 kali kernel:   with environment:
Oct 13 01:23:03 kali kernel:     HOME=/
Oct 13 01:23:03 kali kernel:     TERM=linux
Oct 13 01:23:03 kali kernel:     BOOT_IMAGE=/boot/vmlinuz-6.12.25-amd64
Oct 13 01:23:03 kali kernel: input: Power Button as /devices/LNXSYSTM:00/LNXPWRBN:00/input/input2
Oct 13 01:23:03 kali kernel: ACPI: battery: Slot [BAT0] (battery present)
Oct 13 01:23:03 kali kernel: piix4_smbus 0000:00:07.0: SMBus Host Controller at 0x4100, revision 0
Oct 13 01:23:03 kali kernel: ACPI: button: Power Button [PWRF]
Oct 13 01:23:03 kali kernel: input: Sleep Button as /devices/LNXSYSTM:00/LNXSLPBN:00/input/input3
Oct 13 01:23:03 kali kernel: ACPI: button: Sleep Button [SLPF]
Oct 13 01:23:03 kali kernel: ACPI: video: Video Device [GFX0] (multi-head: yes  rom: no  post: no)
Oct 13 01:23:03 kali kernel: input: Video Bus as /devices/LNXSYSTM:00/LNXSYBUS:00/PNP0A03:00/LNXVIDEO:00/input/input4
Oct 13 01:23:03 kali kernel: cryptd: max_cpu_qlen set to 1000
Oct 13 01:23:03 kali kernel: SCSI subsystem initialized
Oct 13 01:23:03 kali kernel: input: ImExPS/2 Generic Explorer Mouse as /devices/platform/i8042/serio1/input/input5
Oct 13 01:23:03 kali kernel: ACPI: bus type drm_connector registered
Oct 13 01:23:03 kali kernel: AES CTR mode by8 optimization enabled
Oct 13 01:23:03 kali kernel: ACPI: bus type USB registered
Oct 13 01:23:03 kali kernel: usbcore: registered new interface driver usbfs
Oct 13 01:23:03 kali kernel: usbcore: registered new interface driver hub
Oct 13 01:23:03 kali kernel: usbcore: registered new device driver usb
Oct 13 01:23:03 kali kernel: libata version 3.00 loaded.
Oct 13 01:23:03 kali kernel: ata_piix 0000:00:01.1: version 2.13
Oct 13 01:23:03 kali kernel: scsi host0: ata_piix
Oct 13 01:23:03 kali kernel: scsi host1: ata_piix
Oct 13 01:23:03 kali kernel: ata1: PATA max UDMA/33 cmd 0x1f0 ctl 0x3f6 bmdma 0xd000 irq 14 lpm-pol 0
Oct 13 01:23:03 kali kernel: ata2: PATA max UDMA/33 cmd 0x170 ctl 0x376 bmdma 0xd008 irq 15 lpm-pol 0
Oct 13 01:23:03 kali kernel: ahci 0000:00:0d.0: version 3.0
Oct 13 01:23:03 kali kernel: ahci 0000:00:0d.0: SSS flag set, parallel bus scan disabled
Oct 13 01:23:03 kali kernel: ahci 0000:00:0d.0: AHCI vers 0001.0100, 32 command slots, 3 Gbps, SATA mode
Oct 13 01:23:03 kali kernel: ahci 0000:00:0d.0: 1/1 ports implemented (port mask 0x1)
Oct 13 01:23:03 kali kernel: ahci 0000:00:0d.0: flags: 64bit ncq stag only ccc 
Oct 13 01:23:03 kali kernel: Warning! ehci_hcd should always be loaded before uhci_hcd and ohci_hcd, not after
Oct 13 01:23:03 kali kernel: scsi host2: ahci
Oct 13 01:23:03 kali kernel: ata3: SATA max UDMA/133 abar m8192@0xf0806000 port 0xf0806100 irq 21 lpm-pol 0
Oct 13 01:23:03 kali kernel: vmwgfx 0000:00:02.0: vgaarb: deactivate vga console
Oct 13 01:23:03 kali kernel: Console: switching to colour dummy device 80x25
Oct 13 01:23:03 kali kernel: vmwgfx 0000:00:02.0: [drm] FIFO at 0x00000000f0000000 size is 2048 KiB
Oct 13 01:23:03 kali kernel: vmwgfx 0000:00:02.0: [drm] VRAM at 0x00000000e0000000 size is 131072 KiB
Oct 13 01:23:03 kali kernel: vmwgfx 0000:00:02.0: [drm] Running on SVGA version 2.
Oct 13 01:23:03 kali kernel: vmwgfx 0000:00:02.0: [drm] Capabilities: rect copy, cursor, cursor bypass, cursor bypass 2, alpha cursor, extended fifo, pitchlock, irq mask, gmr, traces, gmr2, screen object 2, command buffers, gbobject, 
Oct 13 01:23:03 kali kernel: vmwgfx 0000:00:02.0: [drm] *ERROR* vmwgfx seems to be running on an unsupported hypervisor.
Oct 13 01:23:03 kali kernel: vmwgfx 0000:00:02.0: [drm] *ERROR* This configuration is likely broken.
Oct 13 01:23:03 kali kernel: vmwgfx 0000:00:02.0: [drm] *ERROR* Please switch to a supported graphics device to avoid problems.
Oct 13 01:23:03 kali kernel: vmwgfx 0000:00:02.0: [drm] DMA map mode: Caching DMA mappings.
Oct 13 01:23:03 kali kernel: vmwgfx 0000:00:02.0: [drm] Legacy memory limits: VRAM = 131072 KiB, FIFO = 2048 KiB, surface = 393216 KiB
Oct 13 01:23:03 kali kernel: vmwgfx 0000:00:02.0: [drm] MOB limits: max mob size = 131072 KiB, max mob pages = 32768
Oct 13 01:23:03 kali kernel: vmwgfx 0000:00:02.0: [drm] Max GMR ids is 8192
Oct 13 01:23:03 kali kernel: vmwgfx 0000:00:02.0: [drm] Max number of GMR pages is 1048576
Oct 13 01:23:03 kali kernel: vmwgfx 0000:00:02.0: [drm] Maximum display memory size is 131072 KiB
Oct 13 01:23:03 kali kernel: vmwgfx 0000:00:02.0: [drm] Screen Target display unit initialized
Oct 13 01:23:03 kali kernel: vmwgfx 0000:00:02.0: [drm] Fifo max 0x00200000 min 0x00001000 cap 0x00000355
Oct 13 01:23:03 kali kernel: vmwgfx 0000:00:02.0: [drm] Using command buffers with DMA pool.
Oct 13 01:23:03 kali kernel: vmwgfx 0000:00:02.0: [drm] Available shader model: Legacy.
Oct 13 01:23:03 kali kernel: [drm] Initialized vmwgfx 2.20.0 for 0000:00:02.0 on minor 0
Oct 13 01:23:03 kali kernel: fbcon: vmwgfxdrmfb (fb0) is primary device
Oct 13 01:23:03 kali kernel: Console: switching to colour frame buffer device 160x50
Oct 13 01:23:03 kali kernel: vmwgfx 0000:00:02.0: [drm] fb0: vmwgfxdrmfb frame buffer device
Oct 13 01:23:03 kali kernel: ata2.00: ATAPI: VBOX CD-ROM, 1.0, max UDMA/133
Oct 13 01:23:03 kali kernel: scsi 1:0:0:0: CD-ROM            VBOX     CD-ROM           1.0  PQ: 0 ANSI: 5
Oct 13 01:23:03 kali kernel: ata3: SATA link up 3.0 Gbps (SStatus 123 SControl 300)
Oct 13 01:23:03 kali kernel: ata3.00: ATA-6: VBOX HARDDISK, 1.0, max UDMA/133
Oct 13 01:23:03 kali kernel: ata3.00: 167968750 sectors, multi 128: LBA48 NCQ (depth 32)
Oct 13 01:23:03 kali kernel: ata3.00: configured for UDMA/133
Oct 13 01:23:03 kali kernel: scsi 2:0:0:0: Direct-Access     ATA      VBOX HARDDISK    1.0  PQ: 0 ANSI: 5
Oct 13 01:23:03 kali kernel: ohci-pci 0000:00:06.0: OHCI PCI host controller
Oct 13 01:23:03 kali kernel: ohci-pci 0000:00:06.0: new USB bus registered, assigned bus number 1
Oct 13 01:23:03 kali kernel: ohci-pci 0000:00:06.0: irq 22, io mem 0xf0804000
Oct 13 01:23:03 kali kernel: sd 2:0:0:0: [sda] 167968750 512-byte logical blocks: (86.0 GB/80.1 GiB)
Oct 13 01:23:03 kali kernel: sd 2:0:0:0: [sda] Write Protect is off
Oct 13 01:23:03 kali kernel: sd 2:0:0:0: [sda] Mode Sense: 00 3a 00 00
Oct 13 01:23:03 kali kernel: sd 2:0:0:0: [sda] Write cache: enabled, read cache: enabled, doesn't support DPO or FUA
Oct 13 01:23:03 kali kernel: sd 2:0:0:0: [sda] Preferred minimum I/O size 512 bytes
Oct 13 01:23:03 kali kernel:  sda: sda1
Oct 13 01:23:03 kali kernel: sd 2:0:0:0: [sda] Attached SCSI disk
Oct 13 01:23:03 kali kernel: sr 1:0:0:0: [sr0] scsi3-mmc drive: 32x/32x xa/form2 tray
Oct 13 01:23:03 kali kernel: cdrom: Uniform CD-ROM driver Revision: 3.20
Oct 13 01:23:03 kali kernel: sr 1:0:0:0: Attached scsi CD-ROM sr0
Oct 13 01:23:03 kali kernel: usb usb1: New USB device found, idVendor=1d6b, idProduct=0001, bcdDevice= 6.12
Oct 13 01:23:03 kali kernel: usb usb1: New USB device strings: Mfr=3, Product=2, SerialNumber=1
Oct 13 01:23:03 kali kernel: usb usb1: Product: OHCI PCI host controller
Oct 13 01:23:03 kali kernel: usb usb1: Manufacturer: Linux 6.12.25-amd64 ohci_hcd
Oct 13 01:23:03 kali kernel: usb usb1: SerialNumber: 0000:00:06.0
Oct 13 01:23:03 kali kernel: hub 1-0:1.0: USB hub found
Oct 13 01:23:03 kali kernel: hub 1-0:1.0: 12 ports detected
Oct 13 01:23:03 kali kernel: usb 1-1: new full-speed USB device number 2 using ohci-pci
Oct 13 01:23:03 kali kernel: EXT4-fs (sda1): orphan cleanup on readonly fs
Oct 13 01:23:03 kali kernel: EXT4-fs (sda1): mounted filesystem 62fc7f6d-1b76-4eda-bb32-2e0c8f148825 ro with ordered data mode. Quota mode: none.
Oct 13 01:23:03 kali kernel: Not activating Mandatory Access Control as /sbin/tomoyo-init does not exist.
Oct 13 01:23:03 kali kernel: usb 1-1: New USB device found, idVendor=80ee, idProduct=0021, bcdDevice= 1.00
Oct 13 01:23:03 kali kernel: usb 1-1: New USB device strings: Mfr=1, Product=3, SerialNumber=0
Oct 13 01:23:03 kali kernel: usb 1-1: Product: USB Tablet
Oct 13 01:23:03 kali kernel: usb 1-1: Manufacturer: VirtualBox
Oct 13 01:23:03 kali systemd[1]: Inserted module 'autofs4'
Oct 13 01:23:03 kali systemd[1]: systemd 257.5-2 running in system mode (+PAM +AUDIT +SELINUX +APPARMOR +IMA +IPE +SMACK +SECCOMP +GCRYPT -GNUTLS +OPENSSL +ACL +BLKID +CURL +ELFUTILS +FIDO2 +IDN2 -IDN +IPTC +KMOD +LIBCRYPTSETUP +LIBCRYPTSETUP_PLUGINS +LIBFDISK +PCRE2 +PWQUALITY +P11KIT +QRENCODE +TPM2 +BZIP2 +LZ4 +XZ +ZLIB +ZSTD +BPF_FRAMEWORK +BTF -XKBCOMMON -UTMP +SYSVINIT +LIBARCHIVE)
Oct 13 01:23:03 kali systemd[1]: Detected virtualization oracle.
Oct 13 01:23:03 kali systemd[1]: Detected architecture x86-64.
Oct 13 01:23:03 kali systemd[1]: Failed to read SMBIOS type #11 object 0, ignoring: Bad message
Oct 13 01:23:03 kali systemd[1]: Hostname set to <kali>.
Oct 13 01:23:03 kali systemd[1]: bpf-restrict-fs: LSM BPF program attached
Oct 13 01:23:03 kali systemd-sslh-generator: Configuration directory '/etc/sslh/' does not exist! No units generated.
Oct 13 01:23:03 kali systemd-sysv-generator[361]: SysV service '/etc/init.d/inetsim' lacks a native systemd unit file, automatically generating a unit file for compatibility.
Oct 13 01:23:03 kali systemd-sysv-generator[361]: Please update package to include a native systemd unit file.
Oct 13 01:23:03 kali systemd-sysv-generator[361]: ! This compatibility logic is deprecated, expect removal soon. !
Oct 13 01:23:03 kali systemd-sysv-generator[361]: SysV service '/etc/init.d/stunnel4' lacks a native systemd unit file, automatically generating a unit file for compatibility.
Oct 13 01:23:03 kali systemd-sysv-generator[361]: Please update package to include a native systemd unit file.
Oct 13 01:23:03 kali systemd-sysv-generator[361]: ! This compatibility logic is deprecated, expect removal soon. !
Oct 13 01:23:03 kali systemd-sysv-generator[361]: SysV service '/etc/init.d/ptunnel' lacks a native systemd unit file, automatically generating a unit file for compatibility.
Oct 13 01:23:03 kali systemd-sysv-generator[361]: Please update package to include a native systemd unit file.
Oct 13 01:23:03 kali systemd-sysv-generator[361]: ! This compatibility logic is deprecated, expect removal soon. !
Oct 13 01:23:03 kali systemd-sysv-generator[361]: SysV service '/etc/init.d/dns2tcp' lacks a native systemd unit file, automatically generating a unit file for compatibility.
Oct 13 01:23:03 kali systemd-sysv-generator[361]: Please update package to include a native systemd unit file.
Oct 13 01:23:03 kali systemd-sysv-generator[361]: ! This compatibility logic is deprecated, expect removal soon. !
Oct 13 01:23:03 kali kernel: Guest personality initialized and is inactive
Oct 13 01:23:03 kali kernel: VMCI host device registered (name=vmci, major=10, minor=123)
Oct 13 01:23:03 kali kernel: Initialized host personality
Oct 13 01:23:03 kali kernel: NET: Registered PF_VSOCK protocol family
Oct 13 01:23:03 kali systemd[1]: Queued start job for default target graphical.target.
Oct 13 01:23:03 kali systemd[1]: Created slice system-getty.slice - Slice /system/getty.
Oct 13 01:23:03 kali systemd[1]: Created slice system-modprobe.slice - Slice /system/modprobe.
Oct 13 01:23:03 kali systemd[1]: Created slice user.slice - User and Session Slice.
Oct 13 01:23:03 kali systemd[1]: Started systemd-ask-password-wall.path - Forward Password Requests to Wall Directory Watch.
Oct 13 01:23:03 kali systemd[1]: Set up automount proc-sys-fs-binfmt_misc.automount - Arbitrary Executable File Formats File System Automount Point.
Oct 13 01:23:03 kali systemd[1]: Reached target nss-user-lookup.target - User and Group Name Lookups.
Oct 13 01:23:03 kali systemd[1]: Reached target slices.target - Slice Units.
Oct 13 01:23:03 kali systemd[1]: Reached target stunnel.target - TLS tunnels for network services - per-config-file target.
Oct 13 01:23:03 kali systemd[1]: Reached target time-set.target - System Time Set.
Oct 13 01:23:03 kali systemd[1]: Listening on systemd-creds.socket - Credential Encryption/Decryption.
Oct 13 01:23:03 kali systemd[1]: Listening on systemd-initctl.socket - initctl Compatibility Named Pipe.
Oct 13 01:23:03 kali systemd[1]: Listening on systemd-journald-dev-log.socket - Journal Socket (/dev/log).
Oct 13 01:23:03 kali systemd[1]: Listening on systemd-journald.socket - Journal Sockets.
Oct 13 01:23:03 kali systemd[1]: systemd-pcrextend.socket - TPM PCR Measurements was skipped because of an unmet condition check (ConditionSecurity=measured-uki).
Oct 13 01:23:03 kali systemd[1]: systemd-pcrlock.socket - Make TPM PCR Policy was skipped because of an unmet condition check (ConditionSecurity=measured-uki).
Oct 13 01:23:03 kali systemd[1]: Listening on systemd-udevd-control.socket - udev Control Socket.
Oct 13 01:23:03 kali systemd[1]: Listening on systemd-udevd-kernel.socket - udev Kernel Socket.
Oct 13 01:23:03 kali systemd[1]: Mounting dev-hugepages.mount - Huge Pages File System...
Oct 13 01:23:03 kali systemd[1]: Mounting dev-mqueue.mount - POSIX Message Queue File System...
Oct 13 01:23:03 kali systemd[1]: Mounting run-lock.mount - Legacy Locks Directory /run/lock...
Oct 13 01:23:03 kali systemd[1]: Mounting sys-kernel-debug.mount - Kernel Debug File System...
Oct 13 01:23:03 kali systemd[1]: Mounting sys-kernel-tracing.mount - Kernel Trace File System...
Oct 13 01:23:03 kali systemd[1]: auth-rpcgss-module.service - Kernel Module supporting RPCSEC_GSS was skipped because of an unmet condition check (ConditionPathExists=/etc/krb5.keytab).
Oct 13 01:23:03 kali systemd[1]: Starting keyboard-setup.service - Set the console keyboard layout...
Oct 13 01:23:03 kali systemd[1]: Starting kmod-static-nodes.service - Create List of Static Device Nodes...
Oct 13 01:23:03 kali systemd[1]: Starting modprobe@configfs.service - Load Kernel Module configfs...
Oct 13 01:23:03 kali systemd[1]: Starting modprobe@drm.service - Load Kernel Module drm...
Oct 13 01:23:03 kali systemd[1]: Starting modprobe@efi_pstore.service - Load Kernel Module efi_pstore...
Oct 13 01:23:03 kali systemd[1]: Starting modprobe@fuse.service - Load Kernel Module fuse...
Oct 13 01:23:03 kali systemd[1]: systemd-fsck-root.service - File System Check on Root Device was skipped because of an unmet condition check (ConditionPathExists=!/run/initramfs/fsck-root).
Oct 13 01:23:03 kali systemd[1]: systemd-hibernate-clear.service - Clear Stale Hibernate Storage Info was skipped because of an unmet condition check (ConditionPathExists=/sys/firmware/efi/efivars/HibernateLocation-8cf2644b-4b0b-428f-9387-6d876050dc67).
Oct 13 01:23:03 kali systemd[1]: Starting systemd-journald.service - Journal Service...
Oct 13 01:23:03 kali systemd[1]: Starting systemd-modules-load.service - Load Kernel Modules...
Oct 13 01:23:03 kali systemd[1]: systemd-pcrmachine.service - TPM PCR Machine ID Measurement was skipped because of an unmet condition check (ConditionSecurity=measured-uki).
Oct 13 01:23:03 kali systemd[1]: Starting systemd-remount-fs.service - Remount Root and Kernel File Systems...
Oct 13 01:23:03 kali systemd[1]: systemd-tpm2-setup-early.service - Early TPM SRK Setup was skipped because of an unmet condition check (ConditionSecurity=measured-uki).
Oct 13 01:23:03 kali systemd[1]: Starting systemd-udev-load-credentials.service - Load udev Rules from Credentials...
Oct 13 01:23:03 kali systemd[1]: Starting systemd-udev-trigger.service - Coldplug All udev Devices...
Oct 13 01:23:03 kali systemd[1]: Mounted dev-hugepages.mount - Huge Pages File System.
Oct 13 01:23:03 kali systemd[1]: Mounted dev-mqueue.mount - POSIX Message Queue File System.
Oct 13 01:23:03 kali systemd[1]: Mounted run-lock.mount - Legacy Locks Directory /run/lock.
Oct 13 01:23:03 kali systemd[1]: Mounted sys-kernel-debug.mount - Kernel Debug File System.
Oct 13 01:23:03 kali systemd[1]: Mounted sys-kernel-tracing.mount - Kernel Trace File System.
Oct 13 01:23:03 kali systemd[1]: Finished keyboard-setup.service - Set the console keyboard layout.
Oct 13 01:23:03 kali systemd[1]: Finished kmod-static-nodes.service - Create List of Static Device Nodes.
Oct 13 01:23:03 kali systemd[1]: modprobe@configfs.service: Deactivated successfully.
Oct 13 01:23:03 kali systemd[1]: Finished modprobe@configfs.service - Load Kernel Module configfs.
Oct 13 01:23:03 kali systemd[1]: modprobe@drm.service: Deactivated successfully.
Oct 13 01:23:03 kali systemd[1]: Finished modprobe@drm.service - Load Kernel Module drm.
Oct 13 01:23:03 kali systemd[1]: modprobe@efi_pstore.service: Deactivated successfully.
Oct 13 01:23:03 kali systemd[1]: Finished modprobe@efi_pstore.service - Load Kernel Module efi_pstore.
Oct 13 01:23:03 kali systemd[1]: modprobe@fuse.service: Deactivated successfully.
Oct 13 01:23:03 kali systemd[1]: Finished modprobe@fuse.service - Load Kernel Module fuse.
Oct 13 01:23:03 kali systemd[1]: Finished systemd-modules-load.service - Load Kernel Modules.
Oct 13 01:23:03 kali systemd[1]: Mounting sys-fs-fuse-connections.mount - FUSE Control File System...
Oct 13 01:23:03 kali systemd[1]: Mounting sys-kernel-config.mount - Kernel Configuration File System...
Oct 13 01:23:03 kali systemd-journald[384]: Collecting audit messages is disabled.
Oct 13 01:23:03 kali systemd[1]: Starting systemd-sysctl.service - Apply Kernel Variables...
Oct 13 01:23:03 kali systemd[1]: Starting systemd-tmpfiles-setup-dev-early.service - Create Static Device Nodes in /dev gracefully...
Oct 13 01:23:03 kali systemd[1]: Finished systemd-udev-load-credentials.service - Load udev Rules from Credentials.
Oct 13 01:23:03 kali systemd[1]: Mounted sys-fs-fuse-connections.mount - FUSE Control File System.
Oct 13 01:23:03 kali systemd[1]: Mounted sys-kernel-config.mount - Kernel Configuration File System.
Oct 13 01:23:03 kali systemd-journald[384]: Journal started
Oct 13 01:23:03 kali systemd-journald[384]: Runtime Journal (/run/log/journal/aa8b2369c8374f788c337132b3a3fa02) is 2.4M, max 19.7M, 17.2M free.
Oct 13 01:23:03 kali systemd[1]: Started systemd-journald.service - Journal Service.
Oct 13 01:23:03 kali systemd[1]: Finished systemd-remount-fs.service - Remount Root and Kernel File Systems.
Oct 13 01:23:03 kali kernel: EXT4-fs (sda1): re-mounted 62fc7f6d-1b76-4eda-bb32-2e0c8f148825 r/w. Quota mode: none.
Oct 13 01:23:03 kali systemd[1]: Activating swap swap.swap - /swap...
Oct 13 01:23:03 kali systemd[1]: systemd-hwdb-update.service - Rebuild Hardware Database was skipped because of an unmet condition check (ConditionNeedsUpdate=/etc).
Oct 13 01:23:03 kali systemd[1]: Starting systemd-journal-flush.service - Flush Journal to Persistent Storage...
Oct 13 01:23:03 kali systemd[1]: systemd-pstore.service - Platform Persistent Storage Archival was skipped because of an unmet condition check (ConditionDirectoryNotEmpty=/sys/fs/pstore).
Oct 13 01:23:03 kali systemd[1]: Starting systemd-random-seed.service - Load/Save OS Random Seed...
Oct 13 01:23:03 kali systemd[1]: systemd-tpm2-setup.service - TPM SRK Setup was skipped because of an unmet condition check (ConditionSecurity=measured-uki).
Oct 13 01:23:03 kali systemd-journald[384]: Time spent on flushing to /var/log/journal/aa8b2369c8374f788c337132b3a3fa02 is 2.385ms for 548 entries.
Oct 13 01:23:03 kali systemd-journald[384]: System Journal (/var/log/journal/aa8b2369c8374f788c337132b3a3fa02) is 160M, max 4G, 3.8G free.
Oct 13 01:23:03 kali systemd-journald[384]: Received client request to flush runtime journal.
Oct 13 01:23:03 kali systemd-journald[384]: File /var/log/journal/aa8b2369c8374f788c337132b3a3fa02/system.journal corrupted or uncleanly shut down, renaming and replacing.
Oct 13 01:23:03 kali kernel: Adding 976556k swap on /swap.  Priority:-2 extents:2 across:1115820k 
Oct 13 01:23:03 kali systemd[1]: Finished systemd-sysctl.service - Apply Kernel Variables.
Oct 13 01:23:03 kali systemd[1]: Finished systemd-udev-trigger.service - Coldplug All udev Devices.
Oct 13 01:23:03 kali systemd[1]: Starting ifupdown-pre.service - Helper to synchronize boot up for ifupdown...
Oct 13 01:23:03 kali systemd[1]: Activated swap swap.swap - /swap.
Oct 13 01:23:03 kali systemd[1]: Reached target swap.target - Swaps.
Oct 13 01:23:03 kali systemd[1]: Finished systemd-random-seed.service - Load/Save OS Random Seed.
Oct 13 01:23:03 kali systemd[1]: Finished ifupdown-pre.service - Helper to synchronize boot up for ifupdown.
Oct 13 01:23:03 kali systemd[1]: Finished systemd-tmpfiles-setup-dev-early.service - Create Static Device Nodes in /dev gracefully.
Oct 13 01:23:03 kali systemd[1]: systemd-sysusers.service - Create System Users was skipped because no trigger condition checks were met.
Oct 13 01:23:03 kali systemd[1]: Starting systemd-tmpfiles-setup-dev.service - Create Static Device Nodes in /dev...
Oct 13 01:23:03 kali systemd[1]: Finished systemd-journal-flush.service - Flush Journal to Persistent Storage.
Oct 13 01:23:03 kali systemd[1]: Finished systemd-tmpfiles-setup-dev.service - Create Static Device Nodes in /dev.
Oct 13 01:23:03 kali systemd[1]: Reached target local-fs-pre.target - Preparation for Local File Systems.
Oct 13 01:23:03 kali systemd[1]: Starting systemd-udevd.service - Rule-based Manager for Device Events and Files...
Oct 13 01:23:03 kali systemd-udevd[432]: Using default interface naming scheme 'v257'.
Oct 13 01:23:03 kali systemd[1]: Started systemd-udevd.service - Rule-based Manager for Device Events and Files.
Oct 13 01:23:03 kali systemd[1]: Starting plymouth-start.service - Show Plymouth Boot Screen...
Oct 13 01:23:03 kali kernel: sr 1:0:0:0: Attached scsi generic sg0 type 5
Oct 13 01:23:03 kali kernel: sd 2:0:0:0: Attached scsi generic sg1 type 0
Oct 13 01:23:03 kali kernel: ACPI: AC: AC Adapter [AC] (off-line)
Oct 13 01:23:03 kali systemd[1]: Started plymouth-start.service - Show Plymouth Boot Screen.
Oct 13 01:23:03 kali systemd[1]: systemd-ask-password-console.path - Dispatch Password Requests to Console Directory Watch was skipped because of an unmet condition check (ConditionPathExists=!/run/plymouth/pid).
Oct 13 01:23:03 kali systemd[1]: Started systemd-ask-password-plymouth.path - Forward Password Requests to Plymouth Directory Watch.
Oct 13 01:23:03 kali systemd[1]: Reached target paths.target - Path Units.
Oct 13 01:23:03 kali kernel: vboxguest: host-version: 7.1.12r169651 0x8000000f
Oct 13 01:23:03 kali kernel: vbg_heartbeat_init: Setting up heartbeat to trigger every 2000 milliseconds
Oct 13 01:23:03 kali kernel: input: VirtualBox mouse integration as /devices/pci0000:00/0000:00:04.0/input/input6
Oct 13 01:23:03 kali kernel: input: PC Speaker as /devices/platform/pcspkr/input/input7
Oct 13 01:23:03 kali mtp-probe[476]: checking bus 1, device 2: "/sys/devices/pci0000:00/0000:00:06.0/usb1/1-1"
Oct 13 01:23:03 kali mtp-probe[476]: bus: 1, device: 2 was not an MTP device
Oct 13 01:23:04 kali kernel: hid: raw HID events driver (C) Jiri Kosina
Oct 13 01:23:04 kali kernel: usbcore: registered new interface driver usbhid
Oct 13 01:23:04 kali kernel: usbhid: USB HID core driver
Oct 13 01:23:04 kali kernel: input: VirtualBox USB Tablet as /devices/pci0000:00/0000:00:06.0/usb1/1-1/1-1:1.0/0003:80EE:0021.0001/input/input8
Oct 13 01:23:04 kali kernel: RAPL PMU: API unit is 2^-32 Joules, 0 fixed counters, 335544320 ms ovfl timer
Oct 13 01:23:04 kali kernel: hid-generic 0003:80EE:0021.0001: input,hidraw0: USB HID v1.10 Mouse [VirtualBox USB Tablet] on usb-0000:00:06.0-1/input0
Oct 13 01:23:04 kali kernel: intel_rapl_msr: PL4 support detected.
Oct 13 01:23:04 kali kernel: snd_intel8x0 0000:00:05.0: allow list rate for 1028:0177 is 48000
Oct 13 01:23:04 kali systemd[1]: Reached target sound.target - Sound Card.
Oct 13 01:23:04 kali systemd[1]: Mounting tmp.mount - Temporary Directory /tmp...
Oct 13 01:23:04 kali systemd[1]: Mounted tmp.mount - Temporary Directory /tmp.
Oct 13 01:23:04 kali systemd[1]: Reached target local-fs.target - Local File Systems.
Oct 13 01:23:04 kali systemd[1]: Listening on systemd-sysext.socket - System Extension Image Management.
Oct 13 01:23:04 kali systemd[1]: Starting console-setup.service - Set console font and keymap...
Oct 13 01:23:04 kali systemd[1]: Starting networking.service - Raise network interfaces...
Oct 13 01:23:04 kali systemd[1]: Starting plymouth-read-write.service - Tell Plymouth To Write Out Runtime Data...
Oct 13 01:23:04 kali systemd[1]: Starting systemd-binfmt.service - Set Up Additional Binary Formats...
Oct 13 01:23:04 kali systemd[1]: Starting systemd-tmpfiles-setup.service - Create System Files and Directories...
Oct 13 01:23:04 kali systemd[1]: Finished console-setup.service - Set console font and keymap.
Oct 13 01:23:04 kali systemd-tmpfiles[507]: /usr/lib/tmpfiles.d/legacy.conf:14: Duplicate line for path "/run/lock", ignoring.
Oct 13 01:23:04 kali systemd[1]: Finished plymouth-read-write.service - Tell Plymouth To Write Out Runtime Data.
Oct 13 01:23:04 kali systemd[1]: Received SIGRTMIN+20 from PID 294 (plymouthd).
Oct 13 01:23:04 kali systemd[1]: proc-sys-fs-binfmt_misc.automount: Got automount request for /proc/sys/fs/binfmt_misc, triggered by 506 (systemd-binfmt)
Oct 13 01:23:04 kali systemd[1]: Mounting proc-sys-fs-binfmt_misc.mount - Arbitrary Executable File Formats File System...
Oct 13 01:23:04 kali systemd[1]: Mounted proc-sys-fs-binfmt_misc.mount - Arbitrary Executable File Formats File System.
Oct 13 01:23:04 kali systemd[1]: Finished systemd-binfmt.service - Set Up Additional Binary Formats.
Oct 13 01:23:04 kali systemd[1]: Finished systemd-tmpfiles-setup.service - Create System Files and Directories.
Oct 13 01:23:04 kali systemd[1]: Mounting run-rpc_pipefs.mount - RPC Pipe File System...
Oct 13 01:23:04 kali systemd[1]: Started haveged.service - Entropy Daemon based on the HAVEGE algorithm.
Oct 13 01:23:04 kali systemd[1]: ldconfig.service - Rebuild Dynamic Linker Cache was skipped because no trigger condition checks were met.
Oct 13 01:23:04 kali systemd[1]: systemd-firstboot.service - First Boot Wizard was skipped because of an unmet condition check (ConditionFirstBoot=yes).
Oct 13 01:23:04 kali systemd[1]: first-boot-complete.target - First Boot Complete was skipped because of an unmet condition check (ConditionFirstBoot=yes).
Oct 13 01:23:04 kali systemd[1]: systemd-journal-catalog-update.service - Rebuild Journal Catalog was skipped because of an unmet condition check (ConditionNeedsUpdate=/var).
Oct 13 01:23:04 kali systemd[1]: systemd-machine-id-commit.service - Save Transient machine-id to Disk was skipped because of an unmet condition check (ConditionPathIsMountPoint=/etc/machine-id).
Oct 13 01:23:04 kali systemd[1]: systemd-update-done.service - Update is Completed was skipped because no trigger condition checks were met.
Oct 13 01:23:04 kali systemd[1]: Reached target sysinit.target - System Initialization.
Oct 13 01:23:04 kali systemd[1]: Started apt-daily.timer - Daily apt download activities.
Oct 13 01:23:04 kali systemd[1]: Started apt-daily-upgrade.timer - Daily apt upgrade and clean activities.
Oct 13 01:23:04 kali systemd[1]: Started dpkg-db-backup.timer - Daily dpkg database backup timer.
Oct 13 01:23:04 kali systemd[1]: Started e2scrub_all.timer - Periodic ext4 Online Metadata Check for All Filesystems.
Oct 13 01:23:04 kali systemd[1]: Started fstrim.timer - Discard unused filesystem blocks once a week.
Oct 13 01:23:04 kali systemd[1]: Started logrotate.timer - Daily rotation of log files.
Oct 13 01:23:04 kali systemd[1]: Started man-db.timer - Daily man-db regeneration.
Oct 13 01:23:04 kali systemd[1]: Started phpsessionclean.timer - Clean PHP session files every 30 mins.
Oct 13 01:23:04 kali systemd[1]: Started plocate-updatedb.timer - Update the plocate database daily.
Oct 13 01:23:04 kali systemd[1]: Started systemd-tmpfiles-clean.timer - Daily Cleanup of Temporary Directories.
Oct 13 01:23:04 kali systemd[1]: Reached target timers.target - Timer Units.
Oct 13 01:23:04 kali systemd[1]: Listening on dbus.socket - D-Bus System Message Bus Socket.
Oct 13 01:23:04 kali systemd[1]: Listening on pcscd.socket - PC/SC Smart Card Daemon Activation Socket.
Oct 13 01:23:04 kali systemd[1]: Listening on sshd-unix-local.socket - OpenSSH Server Socket (systemd-ssh-generator, AF_UNIX Local).
Oct 13 01:23:04 kali systemd[1]: Listening on sshd-vsock.socket - OpenSSH Server Socket (systemd-ssh-generator, AF_VSOCK).
Oct 13 01:23:04 kali systemd[1]: Reached target ssh-access.target - SSH Access Available.
Oct 13 01:23:04 kali systemd[1]: Listening on systemd-hostnamed.socket - Hostname Service Socket.
Oct 13 01:23:04 kali systemd[1]: Reached target sockets.target - Socket Units.
Oct 13 01:23:04 kali systemd[1]: systemd-pcrphase-sysinit.service - TPM PCR Barrier (Initialization) was skipped because of an unmet condition check (ConditionSecurity=measured-uki).
Oct 13 01:23:04 kali systemd[1]: Reached target basic.target - Basic System.
Oct 13 01:23:04 kali systemd[1]: System is tainted: unmerged-bin
Oct 13 01:23:04 kali systemd[1]: Starting accounts-daemon.service - Accounts Service...
Oct 13 01:23:04 kali systemd[1]: Starting dbus.service - D-Bus System Message Bus...
Oct 13 01:23:04 kali (haveged)[552]: haveged.service: Referenced but unset environment variable evaluates to an empty string: DAEMON_ARGS
Oct 13 01:23:04 kali systemd[1]: getty-static.service - getty on tty2-tty6 if dbus and logind are not available was skipped because of an unmet condition check (ConditionPathExists=!/usr/bin/dbus-daemon).
Oct 13 01:23:04 kali systemd[1]: grub-install-devices.service - Set GRUB install devices if unset was skipped because of an unmet condition check (ConditionFileIsExecutable=/usr/local/sbin/set-grub-install-devices).
Oct 13 01:23:04 kali systemd[1]: Starting polkit.service - Authorization Manager...
Oct 13 01:23:04 kali systemd[1]: regenerate-ssh-host-keys.service - Regenerate SSH host keys was skipped because of an unmet condition check (ConditionPathExistsGlob=!/etc/ssh/ssh_host_*_key).
Oct 13 01:23:04 kali systemd[1]: smartmontools.service - Self Monitoring and Reporting Technology (SMART) Daemon was skipped because of an unmet condition check (ConditionVirtualization=no).
Oct 13 01:23:04 kali haveged[552]: haveged: command socket is listening at fd 3
Oct 13 01:23:04 kali haveged[552]: haveged starting up
Oct 13 01:23:04 kali systemd[1]: Starting systemd-logind.service - User Login Management...
Oct 13 01:23:04 kali systemd[1]: Starting vboxadd.service...
Oct 13 01:23:04 kali systemd[1]: Starting virtualbox-guest-utils.service - Virtualbox guest utils...
Oct 13 01:23:04 kali systemd[1]: Mounted run-rpc_pipefs.mount - RPC Pipe File System.
Oct 13 01:23:04 kali systemd[1]: Reached target rpc_pipefs.target.
Oct 13 01:23:04 kali systemd[1]: rpc-gssd.service - RPC security service for NFS client and server was skipped because of an unmet condition check (ConditionPathExists=/etc/krb5.keytab).
Oct 13 01:23:04 kali systemd[1]: Reached target nfs-client.target - NFS client services.
Oct 13 01:23:04 kali systemd[1]: Reached target remote-fs-pre.target - Preparation for Remote File Systems.
Oct 13 01:23:04 kali systemd[1]: Reached target remote-fs.target - Remote File Systems.
Oct 13 01:23:04 kali kernel: RPC: Registered named UNIX socket transport module.
Oct 13 01:23:04 kali kernel: RPC: Registered udp transport module.
Oct 13 01:23:04 kali kernel: RPC: Registered tcp transport module.
Oct 13 01:23:04 kali kernel: RPC: Registered tcp-with-tls transport module.
Oct 13 01:23:04 kali kernel: RPC: Registered tcp NFSv4.1 backchannel transport module.
Oct 13 01:23:04 kali systemd[1]: Started cron.service - Regular background program processing daemon.
Oct 13 01:23:04 kali systemd[1]: systemd-pcrphase.service - TPM PCR Barrier (User) was skipped because of an unmet condition check (ConditionSecurity=measured-uki).
Oct 13 01:23:04 kali systemd-logind[558]: New seat seat0.
Oct 13 01:23:04 kali systemd-logind[558]: Watching system buttons on /dev/input/event1 (Power Button)
Oct 13 01:23:04 kali systemd-logind[558]: Watching system buttons on /dev/input/event2 (Sleep Button)
Oct 13 01:23:04 kali systemd-logind[558]: Watching system buttons on /dev/input/event0 (AT Translated Set 2 keyboard)
Oct 13 01:23:04 kali systemd[1]: Started systemd-logind.service - User Login Management.
Oct 13 01:23:04 kali cron[601]: (CRON) INFO (pidfile fd = 3)
Oct 13 01:23:04 kali cron[601]: (CRON) INFO (Running @reboot jobs)
Oct 13 01:23:04 kali polkitd[557]: Started polkitd version 126
Oct 13 01:23:04 kali vboxadd[559]: VirtualBox Guest Additions: Starting.
Oct 13 01:23:04 kali virtualbox-guest-utils[560]: Starting VirtualBox Additions
Oct 13 01:23:04 kali virtualbox-guest-utils[642]: 05:23:04.887750 main     VBoxClient 7.1.12 r169651 (verbosity: 0) linux.amd64 (Jul 14 2025 14:21:53) release log
Oct 13 01:23:04 kali virtualbox-guest-utils[642]: 05:23:04.887752 main     Log opened 2025-10-13T05:23:04.886999000Z
Oct 13 01:23:04 kali virtualbox-guest-utils[642]: 05:23:04.888697 main     OS Product: Linux
Oct 13 01:23:04 kali virtualbox-guest-utils[642]: 05:23:04.888973 main     OS Release: 6.12.25-amd64
Oct 13 01:23:04 kali virtualbox-guest-utils[642]: 05:23:04.889466 main     OS Version: #1 SMP PREEMPT_DYNAMIC Kali 6.12.25-1kali1 (2025-04-30)
Oct 13 01:23:04 kali virtualbox-guest-utils[642]: 05:23:04.890913 main     Executable: /opt/VBoxGuestAdditions-7.1.12/bin/VBoxClient
Oct 13 01:23:04 kali virtualbox-guest-utils[642]: 05:23:04.890914 main     Process ID: 642
Oct 13 01:23:04 kali virtualbox-guest-utils[642]: 05:23:04.890915 main     Package type: LINUX_64BITS_GENERIC
Oct 13 01:23:04 kali virtualbox-guest-utils[642]: 05:23:04.891650 main      VBoxClient 7.1.12 r169651 started. Verbose level = 0
Oct 13 01:23:04 kali kernel: 05:23:04.887750 main     VBoxClient 7.1.12 r169651 (verbosity: 0) linux.amd64 (Jul 14 2025 14:21:53) release log
                             05:23:04.88775
Oct 13 01:23:04 kali kernel: 05:23:04.888697 main     OS Product: Linux
Oct 13 01:23:04 kali kernel: 05:23:04.888973 main     OS Release: 6.12.25-amd64
Oct 13 01:23:04 kali kernel: 05:23:04.889466 main     OS Version: #1 SMP PREEMPT_DYNAMIC Kali 6.12.25-1kali1 (2025-04-30)
Oct 13 01:23:04 kali kernel: 05:23:04.890913 main     Executable: /opt/VBoxGuestAdditions-7.1.12/bin/VBoxClient
                             05:23:04.890914 main     Process ID: 642
                             05:
Oct 13 01:23:04 kali kernel: 05:23:04.891650 main      VBoxClient 7.1.12 r169651 started. Verbose level = 0
Oct 13 01:23:04 kali virtualbox-guest-utils[642]: 05:23:04.892151 main      rtldrNativeLoad: dlopen('libwayland-client.so', RTLD_NOW | RTLD_LOCAL) failed: libwayland-client.so: cannot open shared object file: No such file or directory
Oct 13 01:23:04 kali vboxadd[646]: VirtualBox Guest Additions: Setting up modules
Oct 13 01:23:04 kali virtualbox-guest-utils[642]: error: XDG_RUNTIME_DIR is invalid or not set in the environment.
Oct 13 01:23:04 kali systemd[1]: Started dbus.service - D-Bus System Message Bus.
Oct 13 01:23:04 kali polkitd[557]: Loading rules from directory /etc/polkit-1/rules.d
Oct 13 01:23:04 kali vboxadd[657]: VirtualBox Guest Additions: Building the VirtualBox Guest Additions kernel
Oct 13 01:23:04 kali vboxadd[657]: modules.  This may take a while.
Oct 13 01:23:04 kali vboxadd[660]: VirtualBox Guest Additions: To build modules for other installed kernels, run
Oct 13 01:23:04 kali polkitd[557]: Loading rules from directory /run/polkit-1/rules.d
Oct 13 01:23:04 kali systemd[1]: Starting NetworkManager.service - Network Manager...
Oct 13 01:23:04 kali polkitd[557]: Error opening rules directory: Error opening directory /run/polkit-1/rules.d: No such file or directory (g-file-error-quark, 4)
Oct 13 01:23:04 kali vboxadd[662]: VirtualBox Guest Additions:   /sbin/rcvboxadd quicksetup <version>
Oct 13 01:23:04 kali polkitd[557]: Loading rules from directory /usr/local/share/polkit-1/rules.d
Oct 13 01:23:04 kali polkitd[557]: Error opening rules directory: Error opening directory /usr/local/share/polkit-1/rules.d: No such file or directory (g-file-error-quark, 4)
Oct 13 01:23:04 kali polkitd[557]: Loading rules from directory /usr/share/polkit-1/rules.d
Oct 13 01:23:04 kali dbus-daemon[555]: [system] Successfully activated service 'org.freedesktop.systemd1'
Oct 13 01:23:04 kali vboxadd[664]: VirtualBox Guest Additions: or
Oct 13 01:23:04 kali vboxadd[667]: VirtualBox Guest Additions:   /sbin/rcvboxadd quicksetup all
Oct 13 01:23:04 kali vboxadd[669]: VirtualBox Guest Additions: Kernel headers not found for target kernel
Oct 13 01:23:04 kali vboxadd[669]: 6.12.25-amd64. Please install them and execute
Oct 13 01:23:04 kali vboxadd[669]:   /sbin/rcvboxadd setup
Oct 13 01:23:04 kali virtualbox-guest-utils[642]: 05:23:04.910895 main      Session type is: VBGHDISPLAYSERVERTYPE_NONE
Oct 13 01:23:04 kali virtualbox-guest-utils[642]: 05:23:04.911336 main      Service: SVGA X11 display
Oct 13 01:23:04 kali virtualbox-guest-utils[642]: 05:23:04.911651 main      Daemonizing service ...
Oct 13 01:23:04 kali kernel: 05:23:04.892151 main      rtldrNativeLoad: dlopen('libwayland-client.so', RTLD_NOW | RTLD_LOCAL) failed: libwayland-client.so: 
Oct 13 01:23:04 kali kernel: 05:23:04.910895 main      Session type is: VBGHDISPLAYSERVERTYPE_NONE
Oct 13 01:23:04 kali kernel: 05:23:04.911336 main      Service: SVGA X11 display
Oct 13 01:23:04 kali kernel: 05:23:04.911651 main      Daemonizing service ...
Oct 13 01:23:04 kali kernel: 05:23:04.915113 main      Initializing service ...
Oct 13 01:23:04 kali kernel: 05:23:04.917341 main      Service is not availabe, skipping
Oct 13 01:23:04 kali dbus-daemon[555]: [system] Activating via systemd: service name='org.freedesktop.PolicyKit1' unit='polkit.service' requested by ':1.0' (uid=0 pid=554 comm="/usr/libexec/accounts-daemon")
Oct 13 01:23:04 kali polkitd[557]: Finished loading, compiling and executing 8 rules
Oct 13 01:23:04 kali dbus-daemon[555]: [system] Successfully activated service 'org.freedesktop.PolicyKit1'
Oct 13 01:23:04 kali polkitd[557]: Acquired the name org.freedesktop.PolicyKit1 on the system bus
Oct 13 01:23:04 kali virtualbox-guest-utils[675]: 05:23:04.925305 main     VBoxService 7.1.12 r169651 (verbosity: 0) linux.amd64 (Jul 14 2025 14:21:53) release log
Oct 13 01:23:04 kali virtualbox-guest-utils[675]: 05:23:04.925306 main     Log opened 2025-10-13T05:23:04.925303000Z
Oct 13 01:23:04 kali virtualbox-guest-utils[675]: 05:23:04.925855 main     OS Product: Linux
Oct 13 01:23:04 kali virtualbox-guest-utils[675]: 05:23:04.926038 main     OS Release: 6.12.25-amd64
Oct 13 01:23:04 kali virtualbox-guest-utils[675]: 05:23:04.926249 main     OS Version: #1 SMP PREEMPT_DYNAMIC Kali 6.12.25-1kali1 (2025-04-30)
Oct 13 01:23:04 kali virtualbox-guest-utils[675]: 05:23:04.926633 main     Executable: /opt/VBoxGuestAdditions-7.1.12/sbin/VBoxService
Oct 13 01:23:04 kali virtualbox-guest-utils[675]: 05:23:04.926634 main     Process ID: 675
Oct 13 01:23:04 kali virtualbox-guest-utils[675]: 05:23:04.926634 main     Package type: LINUX_64BITS_GENERIC
Oct 13 01:23:04 kali kernel: 05:23:04.925305 main     VBoxService 7.1.12 r169651 (verbosity: 0) linux.amd64 (Jul 14 2025 14:21:53) release log
                             05:23:04.9253
Oct 13 01:23:04 kali kernel: 05:23:04.925855 main     OS Product: Linux
Oct 13 01:23:04 kali kernel: 05:23:04.926038 main     OS Release: 6.12.25-amd64
Oct 13 01:23:04 kali kernel: 05:23:04.926249 main     OS Version: #1 SMP PREEMPT_DYNAMIC Kali 6.12.25-1kali1 (2025-04-30)
Oct 13 01:23:04 kali accounts-daemon[554]: started daemon version 23.13.9
Oct 13 01:23:04 kali useradd[672]: failed adding user 'vboxadd', exit code: 9
Oct 13 01:23:04 kali useradd[693]: failed adding user 'vboxadd', exit code: 9
Oct 13 01:23:04 kali virtualbox-guest-utils[675]: 05:23:04.933343 main     7.1.12 r169651 started. Verbose level = 0
Oct 13 01:23:04 kali virtualbox-guest-utils[692]: 05:23:04.935440 main     VBoxClient 7.1.12 r169651 (verbosity: 0) linux.amd64 (Jul 14 2025 14:21:56) release log
Oct 13 01:23:04 kali virtualbox-guest-utils[692]: 05:23:04.935441 main     Log opened 2025-10-13T05:23:04.935438000Z
Oct 13 01:23:04 kali kernel: 05:23:04.926633 main     Executable: /opt/VBoxGuestAdditions-7.1.12/sbin/VBoxService
                             05:23:04.926634 main     Process ID: 675
                             0
Oct 13 01:23:04 kali kernel: 05:23:04.933343 main     7.1.12 r169651 started. Verbose level = 0
Oct 13 01:23:04 kali kernel: 05:23:04.935440 main     VBoxClient 7.1.12 r169651 (verbosity: 0) linux.amd64 (Jul 14 2025 14:21:56) release log
                             05:23:04.93544
Oct 13 01:23:04 kali kernel: 05:23:04.936157 main     vbglR3GuestCtrlDetectPeekGetCancelSupport: Supported (#1)
Oct 13 01:23:04 kali virtualbox-guest-utils[692]: 05:23:04.936615 main     OS Product: Linux
Oct 13 01:23:04 kali virtualbox-guest-utils[692]: 05:23:04.936909 main     OS Release: 6.12.25-amd64
Oct 13 01:23:04 kali virtualbox-guest-utils[692]: 05:23:04.937217 main     OS Version: #1 SMP PREEMPT_DYNAMIC Kali 6.12.25-1kali1 (2025-04-30)
Oct 13 01:23:04 kali virtualbox-guest-utils[692]: 05:23:04.937807 main     Executable: /opt/VBoxGuestAdditions-7.1.12/bin/VBoxDRMClient
Oct 13 01:23:04 kali virtualbox-guest-utils[692]: 05:23:04.937808 main     Process ID: 692
Oct 13 01:23:04 kali virtualbox-guest-utils[692]: 05:23:04.937808 main     Package type: LINUX_64BITS_GENERIC
Oct 13 01:23:04 kali virtualbox-guest-utils[560]: .
Oct 13 01:23:04 kali virtualbox-guest-utils[692]: 05:23:04.939211 main     VBoxDRMClient: found compatible device: /dev/dri/renderD128
Oct 13 01:23:04 kali kernel: 05:23:04.936615 main     OS Product: Linux
Oct 13 01:23:04 kali kernel: 05:23:04.936909 main     OS Release: 6.12.25-amd64
Oct 13 01:23:04 kali kernel: 05:23:04.937217 main     OS Version: #1 SMP PREEMPT_DYNAMIC Kali 6.12.25-1kali1 (2025-04-30)
Oct 13 01:23:04 kali kernel: 05:23:04.937807 main     Executable: /opt/VBoxGuestAdditions-7.1.12/bin/VBoxDRMClient
                             05:23:04.937808 main     Process ID: 692
Oct 13 01:23:04 kali kernel: 05:23:04.939211 main     VBoxDRMClient: found compatible device: /dev/dri/renderD128
Oct 13 01:23:04 kali systemd[1]: Started polkit.service - Authorization Manager.
Oct 13 01:23:04 kali systemd[1]: Started virtualbox-guest-utils.service - Virtualbox guest utils.
Oct 13 01:23:04 kali virtualbox-guest-utils[692]: 05:23:04.945410 main     VBoxDRMClient: starting deferred resize events delivery
Oct 13 01:23:04 kali systemd[1]: Started accounts-daemon.service - Accounts Service.
Oct 13 01:23:04 kali virtualbox-guest-utils[692]: 05:23:04.947342 main     VBoxDRMClient: IPC server socket access granted to all users
Oct 13 01:23:04 kali kernel: 05:23:04.945410 main     VBoxDRMClient: starting deferred resize events delivery
Oct 13 01:23:04 kali kernel: 05:23:04.947342 main     VBoxDRMClient: IPC server socket access granted to all users
Oct 13 01:23:04 kali systemd[1]: Finished networking.service - Raise network interfaces.
Oct 13 01:23:04 kali systemd[1]: Starting ModemManager.service - Modem Manager...
Oct 13 01:23:04 kali haveged[552]: haveged: ver: 1.9.19; arch: x86; vend: GenuineIntel; build: (gcc 14.2.0 ITV); collect: 128K
Oct 13 01:23:04 kali haveged[552]: haveged: cpu: (L4 VC); data: 48K (L4 V); inst: 64K (L4 V); idx: 39/40; sz: 54097/54097
Oct 13 01:23:04 kali haveged[552]: haveged: tot tests(BA8): A:1/1 B:1/1 continuous tests(B):  last entropy estimate 8.0036
Oct 13 01:23:04 kali haveged[552]: haveged: fills: 0, generated: 0
Oct 13 01:23:04 kali ModemManager[715]: <msg> ModemManager (version 1.24.0) starting in system bus...
Oct 13 01:23:04 kali vboxadd[727]: VirtualBox Guest Additions: Running kernel modules will not be replaced until
Oct 13 01:23:04 kali vboxadd[727]: the system is restarted or 'rcvboxadd reload' triggered
Oct 13 01:23:05 kali NetworkManager[658]: <info>  [1760332985.0482] NetworkManager (version 1.52.0) is starting... (boot:1f44c5e8-a8a4-4c27-bb3d-3266be8a0c06)
Oct 13 01:23:05 kali NetworkManager[658]: <info>  [1760332985.0482] Read config: /etc/NetworkManager/NetworkManager.conf, /usr/lib/NetworkManager/conf.d/no-mac-addr-change.conf
Oct 13 01:23:05 kali NetworkManager[658]: <info>  [1760332985.0571] manager[0x55b8cf23aab0]: monitoring kernel firmware directory '/lib/firmware'.
Oct 13 01:23:05 kali NetworkManager[658]: <info>  [1760332985.0571] monitoring ifupdown state file '/run/network/ifstate'.
Oct 13 01:23:05 kali dbus-daemon[555]: [system] Activating via systemd: service name='org.freedesktop.hostname1' unit='dbus-org.freedesktop.hostname1.service' requested by ':1.6' (uid=0 pid=658 comm="/usr/sbin/NetworkManager --no-daemon")
Oct 13 01:23:05 kali systemd[1]: Starting systemd-hostnamed.service - Hostname Service...
Oct 13 01:23:05 kali kernel: NET: Registered PF_QIPCRTR protocol family
Oct 13 01:23:05 kali systemd[1]: Started ModemManager.service - Modem Manager.
Oct 13 01:23:05 kali vboxadd[559]: VirtualBox Guest Additions: reloading kernel modules and services
Oct 13 01:23:05 kali dbus-daemon[555]: [system] Successfully activated service 'org.freedesktop.hostname1'
Oct 13 01:23:05 kali systemd[1]: Started systemd-hostnamed.service - Hostname Service.
Oct 13 01:23:05 kali NetworkManager[658]: <info>  [1760332985.1143] hostname: hostname: using hostnamed
Oct 13 01:23:05 kali NetworkManager[658]: <info>  [1760332985.1143] hostname: static hostname changed from (none) to "kali"
Oct 13 01:23:05 kali NetworkManager[658]: <info>  [1760332985.1164] dns-mgr: init: dns=default,systemd-resolved rc-manager=symlink (auto)
Oct 13 01:23:05 kali NetworkManager[658]: <info>  [1760332985.1223] manager[0x55b8cf23aab0]: rfkill: Wi-Fi hardware radio set enabled
Oct 13 01:23:05 kali NetworkManager[658]: <info>  [1760332985.1223] manager[0x55b8cf23aab0]: rfkill: WWAN hardware radio set enabled
Oct 13 01:23:05 kali systemd[1]: Listening on systemd-rfkill.socket - Load/Save RF Kill Switch Status /dev/rfkill Watch.
Oct 13 01:23:05 kali NetworkManager[658]: <info>  [1760332985.1395] Loaded device plugin: NMBluezManager (/usr/lib/x86_64-linux-gnu/NetworkManager/1.52.0/libnm-device-plugin-bluetooth.so)
Oct 13 01:23:05 kali NetworkManager[658]: <info>  [1760332985.1410] Loaded device plugin: NMAtmManager (/usr/lib/x86_64-linux-gnu/NetworkManager/1.52.0/libnm-device-plugin-adsl.so)
Oct 13 01:23:05 kali NetworkManager[658]: <info>  [1760332985.1458] Loaded device plugin: NMTeamFactory (/usr/lib/x86_64-linux-gnu/NetworkManager/1.52.0/libnm-device-plugin-team.so)
Oct 13 01:23:05 kali NetworkManager[658]: <info>  [1760332985.1500] Loaded device plugin: NMWifiFactory (/usr/lib/x86_64-linux-gnu/NetworkManager/1.52.0/libnm-device-plugin-wifi.so)
Oct 13 01:23:05 kali NetworkManager[658]: <info>  [1760332985.1530] Loaded device plugin: NMWwanFactory (/usr/lib/x86_64-linux-gnu/NetworkManager/1.52.0/libnm-device-plugin-wwan.so)
Oct 13 01:23:05 kali NetworkManager[658]: <info>  [1760332985.1534] manager: rfkill: Wi-Fi enabled by radio killswitch; enabled by state file
Oct 13 01:23:05 kali NetworkManager[658]: <info>  [1760332985.1535] manager: rfkill: WWAN enabled by radio killswitch; enabled by state file
Oct 13 01:23:05 kali NetworkManager[658]: <info>  [1760332985.1535] manager: Networking is enabled by state file
Oct 13 01:23:05 kali dbus-daemon[555]: [system] Activating via systemd: service name='org.freedesktop.nm_dispatcher' unit='dbus-org.freedesktop.nm-dispatcher.service' requested by ':1.6' (uid=0 pid=658 comm="/usr/sbin/NetworkManager --no-daemon")
Oct 13 01:23:05 kali systemd[1]: Starting NetworkManager-dispatcher.service - Network Manager Script Dispatcher Service...
Oct 13 01:23:05 kali NetworkManager[658]: <info>  [1760332985.1586] settings: Loaded settings plugin: ifupdown ("/usr/lib/x86_64-linux-gnu/NetworkManager/1.52.0/libnm-settings-plugin-ifupdown.so")
Oct 13 01:23:05 kali NetworkManager[658]: <info>  [1760332985.1586] settings: Loaded settings plugin: keyfile (internal)
Oct 13 01:23:05 kali NetworkManager[658]: <info>  [1760332985.1586] ifupdown: management mode: unmanaged
Oct 13 01:23:05 kali NetworkManager[658]: <info>  [1760332985.1586] ifupdown:       interface-parser: parsing file /etc/network/interfaces
Oct 13 01:23:05 kali NetworkManager[658]: <info>  [1760332985.1586] ifupdown:       interface-parser: source line includes interfaces file(s) /etc/network/interfaces.d/*
Oct 13 01:23:05 kali NetworkManager[658]: <info>  [1760332985.1587] ifupdown: interfaces file /etc/network/interfaces.d/* doesn't exist
Oct 13 01:23:05 kali NetworkManager[658]: <info>  [1760332985.1587] ifupdown:       interface-parser: finished parsing file /etc/network/interfaces
Oct 13 01:23:05 kali NetworkManager[658]: <info>  [1760332985.1641] dhcp: init: Using DHCP client 'internal'
Oct 13 01:23:05 kali NetworkManager[658]: <info>  [1760332985.1643] manager: (lo): new Loopback device (/org/freedesktop/NetworkManager/Devices/1)
Oct 13 01:23:05 kali NetworkManager[658]: <info>  [1760332985.1690] device (lo): state change: unmanaged -> unavailable (reason 'connection-assumed', managed-type: 'external')
Oct 13 01:23:05 kali NetworkManager[658]: <info>  [1760332985.1691] device (lo): state change: unavailable -> disconnected (reason 'connection-assumed', managed-type: 'external')
Oct 13 01:23:05 kali NetworkManager[658]: <info>  [1760332985.1694] device (lo): Activation: starting connection 'lo' (2e015955-58d1-4f65-8a4c-097b7b0f0455)
Oct 13 01:23:05 kali NetworkManager[658]: <info>  [1760332985.1702] manager: (eth0): new Ethernet device (/org/freedesktop/NetworkManager/Devices/2)
Oct 13 01:23:05 kali NetworkManager[658]: <info>  [1760332985.1713] settings: (eth0): created default wired connection 'Wired connection 1'
Oct 13 01:23:05 kali NetworkManager[658]: <info>  [1760332985.1714] device (eth0): state change: unmanaged -> unavailable (reason 'managed', managed-type: 'external')
Oct 13 01:23:05 kali systemd[1]: Started NetworkManager.service - Network Manager.
Oct 13 01:23:05 kali systemd[1]: Reached target network.target - Network.
Oct 13 01:23:05 kali NetworkManager[658]: <info>  [1760332985.1836] bus-manager: acquired D-Bus service "org.freedesktop.NetworkManager"
Oct 13 01:23:05 kali systemd[1]: Starting NetworkManager-wait-online.service - Network Manager Wait Online...
Oct 13 01:23:05 kali NetworkManager[658]: <info>  [1760332985.1888] device (lo): state change: disconnected -> prepare (reason 'none', managed-type: 'external')
Oct 13 01:23:05 kali NetworkManager[658]: <info>  [1760332985.1889] device (lo): state change: prepare -> config (reason 'none', managed-type: 'external')
Oct 13 01:23:05 kali NetworkManager[658]: <info>  [1760332985.1890] device (lo): state change: config -> ip-config (reason 'none', managed-type: 'external')
Oct 13 01:23:05 kali NetworkManager[658]: <info>  [1760332985.1891] device (eth0): carrier: link connected
Oct 13 01:23:05 kali NetworkManager[658]: <info>  [1760332985.1892] device (lo): state change: ip-config -> ip-check (reason 'none', managed-type: 'external')
Oct 13 01:23:05 kali NetworkManager[658]: <info>  [1760332985.1894] device (eth0): state change: unavailable -> disconnected (reason 'carrier-changed', managed-type: 'full')
Oct 13 01:23:05 kali systemd[1]: Starting systemd-user-sessions.service - Permit User Sessions...
Oct 13 01:23:05 kali NetworkManager[658]: <info>  [1760332985.1909] modem-manager: oFono is not available
Oct 13 01:23:05 kali NetworkManager[658]: <info>  [1760332985.1910] policy: auto-activating connection 'Wired connection 1' (f18d30c9-a5ce-32b9-9c9a-649147e70acd)
Oct 13 01:23:05 kali NetworkManager[658]: <info>  [1760332985.1911] device (eth0): Activation: starting connection 'Wired connection 1' (f18d30c9-a5ce-32b9-9c9a-649147e70acd)
Oct 13 01:23:05 kali NetworkManager[658]: <info>  [1760332985.1927] device (eth0): state change: disconnected -> prepare (reason 'none', managed-type: 'full')
Oct 13 01:23:05 kali NetworkManager[658]: <info>  [1760332985.1928] manager: NetworkManager state is now CONNECTING
Oct 13 01:23:05 kali NetworkManager[658]: <info>  [1760332985.1928] device (eth0): state change: prepare -> config (reason 'none', managed-type: 'full')
Oct 13 01:23:05 kali NetworkManager[658]: <info>  [1760332985.1958] device (eth0): state change: config -> ip-config (reason 'none', managed-type: 'full')
Oct 13 01:23:05 kali NetworkManager[658]: <info>  [1760332985.1960] dhcp4 (eth0): activation: beginning transaction (timeout in 45 seconds)
Oct 13 01:23:05 kali dbus-daemon[555]: [system] Successfully activated service 'org.freedesktop.nm_dispatcher'
Oct 13 01:23:05 kali systemd[1]: Started NetworkManager-dispatcher.service - Network Manager Script Dispatcher Service.
Oct 13 01:23:05 kali NetworkManager[658]: <info>  [1760332985.2009] modem-manager: ModemManager available
Oct 13 01:23:05 kali systemd[1]: Finished systemd-user-sessions.service - Permit User Sessions.
Oct 13 01:23:05 kali NetworkManager[658]: <info>  [1760332985.2073] device (lo): state change: ip-check -> secondaries (reason 'none', managed-type: 'external')
Oct 13 01:23:05 kali NetworkManager[658]: <info>  [1760332985.2074] device (lo): state change: secondaries -> activated (reason 'none', managed-type: 'external')
Oct 13 01:23:05 kali NetworkManager[658]: <info>  [1760332985.2078] device (lo): Activation: successful, device activated.
Oct 13 01:23:05 kali systemd[1]: Starting plymouth-quit-wait.service - Hold until boot process finishes up...
Oct 13 01:23:09 kali ModemManager[715]: <msg> [base-manager] couldn't check support for device '/sys/devices/pci0000:00/0000:00:03.0': not supported by any plugin
Oct 13 01:23:09 kali vboxadd[1246]: VirtualBox Guest Additions: cannot reload kernel modules: one or more module(s)
Oct 13 01:23:09 kali vboxadd[1246]: is still in use
Oct 13 01:23:09 kali systemd[1]: NetworkManager-wait-online.service: Main process exited, code=killed, status=10/USR1
Oct 13 01:23:09 kali systemd[1]: NetworkManager-wait-online.service: Failed with result 'signal'.
Oct 13 01:23:09 kali systemd[1]: Failed to start NetworkManager-wait-online.service - Network Manager Wait Online.
Oct 13 01:23:09 kali systemd[1]: Reached target network-online.target - Network is Online.
Oct 13 01:23:09 kali systemd[1]: Starting rpc-statd-notify.service - Notify NFS peers of a restart...
Oct 13 01:23:09 kali vboxadd[559]: VirtualBox Guest Additions: kernel modules and services were not reloaded
Oct 13 01:23:09 kali vboxadd[559]: The log file /var/log/vboxadd-setup.log may contain further information.
Oct 13 01:23:09 kali systemd[1]: vboxadd.service: Main process exited, code=exited, status=1/FAILURE
Oct 13 01:23:09 kali systemd[1]: vboxadd.service: Failed with result 'exit-code'.
Oct 13 01:23:09 kali systemd[1]: Failed to start vboxadd.service.
Oct 13 01:23:09 kali sm-notify[1488]: Version 2.8.3 starting
Oct 13 01:23:09 kali systemd[1]: Starting lightdm.service - Light Display Manager...
Oct 13 01:23:09 kali systemd[1]: Starting vboxadd-service.service...
Oct 13 01:23:09 kali systemd[1]: Started rpc-statd-notify.service - Notify NFS peers of a restart.
Oct 13 01:23:09 kali vboxadd-service[1509]: vboxadd-service.sh: Starting VirtualBox Guest Addition service.
Oct 13 01:23:09 kali vboxadd-service.sh[1513]: Starting VirtualBox Guest Addition service.
Oct 13 01:23:09 kali vboxadd-service.sh[1522]: VirtualBox Guest Addition service started.
Oct 13 01:23:09 kali systemd[1]: vboxadd-service.service: Control process exited, code=exited, status=1/FAILURE
Oct 13 01:23:09 kali systemd[1]: vboxadd-service.service: Failed with result 'exit-code'.
Oct 13 01:23:09 kali systemd[1]: Failed to start vboxadd-service.service.
Oct 13 01:23:09 kali systemd[1]: Finished plymouth-quit-wait.service - Hold until boot process finishes up.
Oct 13 01:23:09 kali systemd[1]: Received SIGRTMIN+21 from PID 294 (n/a).
Oct 13 01:23:09 kali systemd[1]: Started getty@tty1.service - Getty on tty1.
Oct 13 01:23:09 kali systemd[1]: Reached target getty.target - Login Prompts.
Oct 13 01:23:09 kali systemd[1]: Reached target multi-user.target - Multi-User System.
Oct 13 01:23:09 kali systemd[1]: Started lightdm.service - Light Display Manager.
Oct 13 01:23:09 kali systemd[1]: Reached target graphical.target - Graphical Interface.
Oct 13 01:23:09 kali systemd[1]: Startup finished in 1.964s (kernel) + 7.703s (userspace) = 9.667s.
Oct 13 01:23:11 kali lightdm[1540]: pam_unix(lightdm-greeter:session): session opened for user lightdm(uid=111) by (uid=0)
Oct 13 01:23:11 kali systemd[1]: Created slice user-111.slice - User Slice of UID 111.
Oct 13 01:23:11 kali systemd[1]: Starting user-runtime-dir@111.service - User Runtime Directory /run/user/111...
Oct 13 01:23:11 kali systemd-logind[558]: New session c1 of user lightdm.
Oct 13 01:23:11 kali systemd[1]: Finished user-runtime-dir@111.service - User Runtime Directory /run/user/111.
Oct 13 01:23:11 kali systemd[1]: Starting user@111.service - User Manager for UID 111...
Oct 13 01:23:11 kali (systemd)[1546]: pam_unix(systemd-user:session): session opened for user lightdm(uid=111) by lightdm(uid=0)
Oct 13 01:23:11 kali systemd-logind[558]: New session 1 of user lightdm.
Oct 13 01:23:11 kali systemd[1546]: Queued start job for default target default.target.
Oct 13 01:23:11 kali systemd[1546]: Created slice app.slice - User Application Slice.
Oct 13 01:23:11 kali systemd[1546]: Created slice session.slice - User Core Session Slice.
Oct 13 01:23:11 kali systemd[1546]: Reached target paths.target - Paths.
Oct 13 01:23:11 kali systemd[1546]: Reached target timers.target - Timers.
Oct 13 01:23:11 kali systemd[1546]: Starting dbus.socket - D-Bus User Message Bus Socket...
Oct 13 01:23:11 kali systemd[1546]: Listening on dirmngr.socket - GnuPG network certificate management daemon.
Oct 13 01:23:11 kali systemd[1546]: Starting gcr-ssh-agent.socket - GCR ssh-agent wrapper...
Oct 13 01:23:11 kali systemd[1546]: Listening on gnome-keyring-daemon.socket - GNOME Keyring daemon.
Oct 13 01:23:11 kali systemd[1546]: Listening on gpg-agent-browser.socket - GnuPG cryptographic agent and passphrase cache (access for web browsers).
Oct 13 01:23:11 kali systemd[1546]: Listening on gpg-agent-extra.socket - GnuPG cryptographic agent and passphrase cache (restricted).
Oct 13 01:23:11 kali systemd[1546]: Starting gpg-agent-ssh.socket - GnuPG cryptographic agent (ssh-agent emulation)...
Oct 13 01:23:11 kali systemd[1546]: Starting gpg-agent.socket - GnuPG cryptographic agent and passphrase cache...
Oct 13 01:23:11 kali systemd[1546]: Listening on keyboxd.socket - GnuPG public key management service.
Oct 13 01:23:11 kali systemd[1546]: Listening on pipewire-pulse.socket - PipeWire PulseAudio.
Oct 13 01:23:11 kali systemd[1546]: Listening on pipewire.socket - PipeWire Multimedia System Sockets.
Oct 13 01:23:11 kali systemd[1546]: Listening on pk-debconf-helper.socket - debconf communication socket.
Oct 13 01:23:11 kali systemd[1546]: Listening on speech-dispatcher.socket - Speech Dispatcher Socket.
Oct 13 01:23:11 kali systemd[1546]: Starting ssh-agent.socket - OpenSSH Agent socket...
Oct 13 01:23:11 kali systemd[1546]: Listening on gcr-ssh-agent.socket - GCR ssh-agent wrapper.
Oct 13 01:23:11 kali systemd[1546]: Listening on dbus.socket - D-Bus User Message Bus Socket.
Oct 13 01:23:11 kali systemd[1546]: Listening on gpg-agent.socket - GnuPG cryptographic agent and passphrase cache.
Oct 13 01:23:11 kali systemd[1546]: Listening on ssh-agent.socket - OpenSSH Agent socket.
Oct 13 01:23:11 kali systemd[1546]: Listening on gpg-agent-ssh.socket - GnuPG cryptographic agent (ssh-agent emulation).
Oct 13 01:23:11 kali systemd[1546]: Reached target sockets.target - Sockets.
Oct 13 01:23:11 kali systemd[1546]: Reached target basic.target - Basic System.
Oct 13 01:23:11 kali systemd[1]: Started user@111.service - User Manager for UID 111.
Oct 13 01:23:11 kali systemd[1546]: Starting dbus.service - D-Bus User Message Bus...
Oct 13 01:23:11 kali systemd[1]: Started session-c1.scope - Session c1 of User lightdm.
Oct 13 01:23:11 kali systemd[1546]: Started pipewire.service - PipeWire Multimedia Service.
Oct 13 01:23:11 kali lightdm[1540]: pam_unix(lightdm-greeter:session): session opened for user lightdm(uid=111) by (uid=0)
Oct 13 01:23:11 kali systemd[1546]: Started filter-chain.service - PipeWire filter chain daemon.
Oct 13 01:23:11 kali systemd[1546]: Started wireplumber.service - Multimedia Service Session Manager.
Oct 13 01:23:11 kali systemd[1546]: Started pipewire-pulse.service - PipeWire PulseAudio.
Oct 13 01:23:11 kali systemd[1546]: Started dbus.service - D-Bus User Message Bus.
Oct 13 01:23:11 kali systemd[1546]: Started mpris-proxy.service - Bluetooth mpris proxy.
Oct 13 01:23:11 kali systemd[1546]: Reached target default.target - Main User Target.
Oct 13 01:23:11 kali systemd[1546]: Startup finished in 335ms.
Oct 13 01:23:11 kali dbus-daemon[555]: [system] Activating via systemd: service name='org.freedesktop.RealtimeKit1' unit='rtkit-daemon.service' requested by ':1.20' (uid=111 pid=1573 comm="/usr/bin/pipewire-pulse")
Oct 13 01:23:11 kali systemd[1]: Starting rtkit-daemon.service - RealtimeKit Scheduling Policy Service...
Oct 13 01:23:11 kali dbus-daemon[555]: [system] Successfully activated service 'org.freedesktop.RealtimeKit1'
Oct 13 01:23:11 kali systemd[1]: Started rtkit-daemon.service - RealtimeKit Scheduling Policy Service.
Oct 13 01:23:11 kali rtkit-daemon[1579]: Successfully called chroot.
Oct 13 01:23:11 kali rtkit-daemon[1579]: Successfully dropped privileges.
Oct 13 01:23:11 kali rtkit-daemon[1579]: Successfully limited resources.
Oct 13 01:23:11 kali rtkit-daemon[1579]: Canary thread running.
Oct 13 01:23:11 kali rtkit-daemon[1579]: Running.
Oct 13 01:23:11 kali rtkit-daemon[1579]: Supervising 0 threads of 0 processes of 0 users.
Oct 13 01:23:11 kali rtkit-daemon[1579]: Supervising 0 threads of 0 processes of 0 users.
Oct 13 01:23:11 kali rtkit-daemon[1579]: Watchdog thread running.
Oct 13 01:23:11 kali rtkit-daemon[1579]: Supervising 0 threads of 0 processes of 0 users.
Oct 13 01:23:11 kali rtkit-daemon[1579]: Supervising 0 threads of 0 processes of 0 users.
Oct 13 01:23:11 kali rtkit-daemon[1579]: Supervising 0 threads of 0 processes of 0 users.
Oct 13 01:23:11 kali rtkit-daemon[1579]: Supervising 0 threads of 0 processes of 0 users.
Oct 13 01:23:11 kali rtkit-daemon[1579]: Supervising 0 threads of 0 processes of 0 users.
Oct 13 01:23:11 kali rtkit-daemon[1579]: Supervising 0 threads of 0 processes of 0 users.
Oct 13 01:23:11 kali rtkit-daemon[1579]: Supervising 0 threads of 0 processes of 0 users.
Oct 13 01:23:11 kali rtkit-daemon[1579]: Supervising 0 threads of 0 processes of 0 users.
Oct 13 01:23:11 kali wireplumber[1572]: wp-internal-comp-loader: Loading profile 'main'
Oct 13 01:23:11 kali rtkit-daemon[1579]: Successfully made thread 1570 of process 1570 owned by '111' high priority at nice level -11.
Oct 13 01:23:11 kali rtkit-daemon[1579]: Supervising 1 threads of 1 processes of 1 users.
Oct 13 01:23:11 kali rtkit-daemon[1579]: Successfully made thread 1581 of process 1570 owned by '111' RT at priority 20.
Oct 13 01:23:11 kali rtkit-daemon[1579]: Supervising 2 threads of 1 processes of 1 users.
Oct 13 01:23:11 kali rtkit-daemon[1579]: Supervising 2 threads of 1 processes of 1 users.
Oct 13 01:23:11 kali rtkit-daemon[1579]: Successfully made thread 1573 of process 1573 owned by '111' high priority at nice level -11.
Oct 13 01:23:11 kali rtkit-daemon[1579]: Supervising 3 threads of 2 processes of 1 users.
Oct 13 01:23:11 kali rtkit-daemon[1579]: Successfully made thread 1583 of process 1573 owned by '111' RT at priority 20.
Oct 13 01:23:11 kali rtkit-daemon[1579]: Supervising 4 threads of 2 processes of 1 users.
Oct 13 01:23:11 kali rtkit-daemon[1579]: Supervising 4 threads of 2 processes of 1 users.
Oct 13 01:23:11 kali rtkit-daemon[1579]: Successfully made thread 1572 of process 1572 owned by '111' high priority at nice level -11.
Oct 13 01:23:11 kali rtkit-daemon[1579]: Supervising 5 threads of 3 processes of 1 users.
Oct 13 01:23:11 kali rtkit-daemon[1579]: Successfully made thread 1595 of process 1572 owned by '111' RT at priority 20.
Oct 13 01:23:11 kali rtkit-daemon[1579]: Supervising 6 threads of 3 processes of 1 users.
Oct 13 01:23:11 kali dbus-daemon[1569]: [session uid=111 pid=1569 pidfd=5] Activating via systemd: service name='org.a11y.Bus' unit='at-spi-dbus-bus.service' requested by ':1.10' (uid=111 pid=1574 comm="/usr/sbin/lightdm-gtk-greeter")
Oct 13 01:23:11 kali systemd[1546]: Starting at-spi-dbus-bus.service - Accessibility services bus...
Oct 13 01:23:11 kali dbus-daemon[1569]: [session uid=111 pid=1569 pidfd=5] Successfully activated service 'org.a11y.Bus'
Oct 13 01:23:11 kali systemd[1546]: Started at-spi-dbus-bus.service - Accessibility services bus.
Oct 13 01:23:11 kali dbus-daemon[1569]: [session uid=111 pid=1569 pidfd=5] Activating via systemd: service name='org.gtk.vfs.Daemon' unit='gvfs-daemon.service' requested by ':1.12' (uid=111 pid=1574 comm="/usr/sbin/lightdm-gtk-greeter")
Oct 13 01:23:11 kali systemd[1546]: Starting gvfs-daemon.service - Virtual filesystem service...
Oct 13 01:23:11 kali wireplumber[1572]: spa.alsa: The decibel volume range for element 'Center' (-4650 dB - -2400 dB) has negative maximum. Disabling the decibel range.
Oct 13 01:23:11 kali wireplumber[1572]: spa.alsa: The decibel volume range for element 'LFE' (-4650 dB - -2400 dB) has negative maximum. Disabling the decibel range.
Oct 13 01:23:11 kali wireplumber[1572]: spa.alsa: The decibel volume range for element 'Center' (-4650 dB - -2400 dB) has negative maximum. Disabling the decibel range.
Oct 13 01:23:11 kali wireplumber[1572]: spa.alsa: The decibel volume range for element 'LFE' (-4650 dB - -2400 dB) has negative maximum. Disabling the decibel range.
Oct 13 01:23:11 kali wireplumber[1572]: spa.alsa: The decibel volume range for element 'Center' (-4650 dB - -2400 dB) has negative maximum. Disabling the decibel range.
Oct 13 01:23:11 kali wireplumber[1572]: spa.alsa: The decibel volume range for element 'LFE' (-4650 dB - -2400 dB) has negative maximum. Disabling the decibel range.
Oct 13 01:23:11 kali wireplumber[1572]: spa.alsa: The decibel volume range for element 'Center' (-4650 dB - -2400 dB) has negative maximum. Disabling the decibel range.
Oct 13 01:23:11 kali wireplumber[1572]: spa.alsa: The decibel volume range for element 'LFE' (-4650 dB - -2400 dB) has negative maximum. Disabling the decibel range.
Oct 13 01:23:11 kali wireplumber[1572]: spa.alsa: The decibel volume range for element 'Center' (-4650 dB - -2400 dB) has negative maximum. Disabling the decibel range.
Oct 13 01:23:11 kali wireplumber[1572]: spa.alsa: The decibel volume range for element 'LFE' (-4650 dB - -2400 dB) has negative maximum. Disabling the decibel range.
Oct 13 01:23:11 kali dbus-daemon[1569]: [session uid=111 pid=1569 pidfd=5] Successfully activated service 'org.gtk.vfs.Daemon'
Oct 13 01:23:11 kali systemd[1546]: Started gvfs-daemon.service - Virtual filesystem service.
Oct 13 01:23:12 kali wireplumber[1572]: default: Failed to get percentage from UPower: org.freedesktop.DBus.Error.NameHasNoOwner
Oct 13 01:23:12 kali wireplumber[1572]: spa.bluez5: BlueZ system service is not available
Oct 13 01:23:12 kali wireplumber[1572]: wp-pw-obj-mixin: <WpNode:0x55fb19f3a1b0> ignoring set_param on already destroyed objects
Oct 13 01:23:12 kali wireplumber[1572]: wp-pw-obj-mixin: <WpNode:0x55fb19e601f0> ignoring set_param on already destroyed objects
Oct 13 01:23:12 kali wireplumber[1572]: wp-pw-obj-mixin: <WpNode:0x55fb19e601f0> ignoring set_param on already destroyed objects
Oct 13 01:23:12 kali wireplumber[1572]: wp-device: SPA handle 'api.libcamera.enum.manager' could not be loaded; is it installed?
Oct 13 01:23:12 kali wireplumber[1572]: s-monitors-libcamera: PipeWire's libcamera SPA plugin is missing or broken. Some camera types may not be supported.
Oct 13 01:23:12 kali at-spi-bus-launcher[1604]: dbus-daemon[1604]: Activating service name='org.a11y.atspi.Registry' requested by ':1.0' (uid=111 pid=1574 comm="/usr/sbin/lightdm-gtk-greeter")
Oct 13 01:23:12 kali at-spi-bus-launcher[1604]: dbus-daemon[1604]: Successfully activated service 'org.a11y.atspi.Registry'
Oct 13 01:23:12 kali at-spi-bus-launcher[1641]: SpiRegistry daemon is running with well-known name - org.a11y.atspi.Registry
Oct 13 01:23:15 kali systemd[1]: NetworkManager-dispatcher.service: Deactivated successfully.
Oct 13 01:23:19 kali lightdm[1647]: gkr-pam: unable to locate daemon control file
Oct 13 01:23:19 kali lightdm[1647]: gkr-pam: stashed password to try later in open session
Oct 13 01:23:19 kali systemd[1]: Stopping session-c1.scope - Session c1 of User lightdm...
Oct 13 01:23:19 kali lightdm[1540]: pam_unix(lightdm-greeter:session): session closed for user lightdm
Oct 13 01:23:19 kali lightdm[1540]: pam_unix(lightdm-greeter:session): session closed for user lightdm
Oct 13 01:23:19 kali lightdm[1540]: pam_systemd(lightdm-greeter:session): Failed to release session: Transport endpoint is not connected
Oct 13 01:23:19 kali systemd[1]: session-c1.scope: Deactivated successfully.
Oct 13 01:23:19 kali systemd[1]: Stopped session-c1.scope - Session c1 of User lightdm.
Oct 13 01:23:19 kali systemd[1]: session-c1.scope: Consumed 632ms CPU time, 72.5M memory peak.
Oct 13 01:23:19 kali systemd-logind[558]: Removed session c1.
Oct 13 01:23:19 kali lightdm[1647]: pam_unix(lightdm:session): session opened for user kali(uid=1000) by kali(uid=0)
Oct 13 01:23:19 kali systemd[1]: Created slice user-1000.slice - User Slice of UID 1000.
Oct 13 01:23:19 kali systemd[1]: Starting user-runtime-dir@1000.service - User Runtime Directory /run/user/1000...
Oct 13 01:23:19 kali systemd-logind[558]: New session 2 of user kali.
Oct 13 01:23:19 kali systemd[1]: Finished user-runtime-dir@1000.service - User Runtime Directory /run/user/1000.
Oct 13 01:23:19 kali systemd[1]: Starting user@1000.service - User Manager for UID 1000...
Oct 13 01:23:19 kali (systemd)[1658]: pam_unix(systemd-user:session): session opened for user kali(uid=1000) by kali(uid=0)
Oct 13 01:23:19 kali systemd-logind[558]: New session 3 of user kali.
Oct 13 01:23:19 kali systemd[1658]: Queued start job for default target default.target.
Oct 13 01:23:19 kali systemd[1658]: Created slice app.slice - User Application Slice.
Oct 13 01:23:19 kali systemd[1658]: Created slice session.slice - User Core Session Slice.
Oct 13 01:23:19 kali systemd[1658]: Reached target paths.target - Paths.
Oct 13 01:23:19 kali systemd[1658]: Reached target timers.target - Timers.
